Component: ARM Compiler 5.06 update 6 (build 750) Tool: armlink [4d35ed]

==============================================================================

Section Cross References

    startup_stm32h743xx.o(STACK) refers (Special) to heapauxi.o(.text) for __use_two_region_memory
    startup_stm32h743xx.o(HEAP) refers (Special) to heapauxi.o(.text) for __use_two_region_memory
    startup_stm32h743xx.o(RESET) refers (Special) to heapauxi.o(.text) for __use_two_region_memory
    startup_stm32h743xx.o(RESET) refers to startup_stm32h743xx.o(STACK) for __initial_sp
    startup_stm32h743xx.o(RESET) refers to startup_stm32h743xx.o(.text) for Reset_Handler
    startup_stm32h743xx.o(RESET) refers to stm32h7xx_it.o(i.NMI_Handler) for NMI_Handler
    startup_stm32h743xx.o(RESET) refers to stm32h7xx_it.o(i.HardFault_Handler) for HardFault_Handler
    startup_stm32h743xx.o(RESET) refers to stm32h7xx_it.o(i.MemManage_Handler) for MemManage_Handler
    startup_stm32h743xx.o(RESET) refers to stm32h7xx_it.o(i.BusFault_Handler) for BusFault_Handler
    startup_stm32h743xx.o(RESET) refers to stm32h7xx_it.o(i.UsageFault_Handler) for UsageFault_Handler
    startup_stm32h743xx.o(RESET) refers to stm32h7xx_it.o(i.SVC_Handler) for SVC_Handler
    startup_stm32h743xx.o(RESET) refers to stm32h7xx_it.o(i.DebugMon_Handler) for DebugMon_Handler
    startup_stm32h743xx.o(RESET) refers to stm32h7xx_it.o(i.PendSV_Handler) for PendSV_Handler
    startup_stm32h743xx.o(RESET) refers to stm32h7xx_it.o(i.SysTick_Handler) for SysTick_Handler
    startup_stm32h743xx.o(RESET) refers to stm32h7xx_it.o(i.USART3_IRQHandler) for USART3_IRQHandler
    startup_stm32h743xx.o(.text) refers (Special) to heapauxi.o(.text) for __use_two_region_memory
    startup_stm32h743xx.o(.text) refers to system_stm32h7xx.o(i.SystemInit) for SystemInit
    startup_stm32h743xx.o(.text) refers to __main.o(!!!main) for __main
    startup_stm32h743xx.o(.text) refers to startup_stm32h743xx.o(HEAP) for Heap_Mem
    startup_stm32h743xx.o(.text) refers to startup_stm32h743xx.o(STACK) for Stack_Mem
    network.o(i.ai_network_create) refers to ai_platform_interface.o(i.ai_platform_network_create) for ai_platform_network_create
    network.o(i.ai_network_create) refers to network.o(.data) for .data
    network.o(i.ai_network_destroy) refers to ai_platform_interface.o(i.ai_platform_network_destroy) for ai_platform_network_destroy
    network.o(i.ai_network_forward) refers to ai_platform_interface.o(i.ai_platform_network_process) for ai_platform_network_process
    network.o(i.ai_network_get_error) refers to ai_platform_interface.o(i.ai_platform_network_get_error) for ai_platform_network_get_error
    network.o(i.ai_network_get_info) refers to ai_platform_interface.o(i.ai_platform_context_acquire) for ai_platform_context_acquire
    network.o(i.ai_network_get_info) refers to rt_memcpy_w.o(.text) for __aeabi_memcpy4
    network.o(i.ai_network_get_info) refers to ai_platform_interface.o(i.ai_platform_runtime_get_revision) for ai_platform_runtime_get_revision
    network.o(i.ai_network_get_info) refers to ai_platform_interface.o(i.ai_platform_runtime_get_version) for ai_platform_runtime_get_version
    network.o(i.ai_network_get_info) refers to ai_platform_interface.o(i.ai_platform_api_get_version) for ai_platform_api_get_version
    network.o(i.ai_network_get_info) refers to ai_platform_interface.o(i.ai_platform_interface_api_get_version) for ai_platform_interface_api_get_version
    network.o(i.ai_network_get_info) refers to ai_platform_interface.o(i.ai_platform_api_get_network_report) for ai_platform_api_get_network_report
    network.o(i.ai_network_get_info) refers to network.o(.constdata) for .constdata
    network.o(i.ai_network_init) refers to ai_platform_interface.o(i.ai_platform_network_init) for ai_platform_network_init
    network.o(i.ai_network_init) refers to network.o(i.network_configure_weights) for network_configure_weights
    network.o(i.ai_network_init) refers to ai_platform_interface.o(i.ai_platform_network_post_init) for ai_platform_network_post_init
    network.o(i.ai_network_init) refers to network.o(.data) for .data
    network.o(i.ai_network_run) refers to ai_platform_interface.o(i.ai_platform_network_process) for ai_platform_network_process
    network.o(i.network_configure_weights) refers to network.o(.data) for .data
    network.o(.constdata) refers to network.o(.data) for <Data33>
    network.o(.constdata) refers to network.o(.data) for <Data38>
    network.o(.constdata) refers to network.o(.data) for <Data43>
    network.o(.constdata) refers to network.o(.data) for <Data48>
    network.o(.constdata) refers to network.o(.data) for <Data53>
    network.o(.constdata) refers to network.o(.data) for <Data58>
    network.o(.constdata) refers to network.o(.conststring) for .conststring
    network.o(.data) refers to network.o(.data) for input_0_output0
    network.o(.data) refers to network.o(.data) for dense_output
[...]
    I2C4_ER_IRQHandler                       0x080003ab   Thumb Code     0  startup_stm32h743xx.o(.text)
    I2C4_EV_IRQHandler                       0x080003ab   Thumb Code     0  startup_stm32h743xx.o(.text)
    JPEG_IRQHandler                          0x080003ab   Thumb Code     0  startup_stm32h743xx.o(.text)
    LPTIM1_IRQHandler                        0x080003ab   Thumb Code     0  startup_stm32h743xx.o(.text)
    LPTIM2_IRQHandler                        0x080003ab   Thumb Code     0  startup_stm32h743xx.o(.text)
    LPTIM3_IRQHandler                        0x080003ab   Thumb Code     0  startup_stm32h743xx.o(.text)
    LPTIM4_IRQHandler                        0x080003ab   Thumb Code     0  startup_stm32h743xx.o(.text)
    LPTIM5_IRQHandler                        0x080003ab   Thumb Code     0  startup_stm32h743xx.o(.text)
    LPUART1_IRQHandler                       0x080003ab   Thumb Code     0  startup_stm32h743xx.o(.text)
    LTDC_ER_IRQHandler                       0x080003ab   Thumb Code     0  startup_stm32h743xx.o(.text)
    LTDC_IRQHandler                          0x080003ab   Thumb Code     0  startup_stm32h743xx.o(.text)
    MDIOS_IRQHandler                         0x080003ab   Thumb Code     0  startup_stm32h743xx.o(.text)
    MDIOS_WKUP_IRQHandler                    0x080003ab   Thumb Code     0  startup_stm32h743xx.o(.text)
    MDMA_IRQHandler                          0x080003ab   Thumb Code     0  startup_stm32h743xx.o(.text)
    OTG_FS_EP1_IN_IRQHandler                 0x080003ab   Thumb Code     0  startup_stm32h743xx.o(.text)
    OTG_FS_EP1_OUT_IRQHandler                0x080003ab   Thumb Code     0  startup_stm32h743xx.o(.text)
    OTG_FS_IRQHandler                        0x080003ab   Thumb Code     0  startup_stm32h743xx.o(.text)
    OTG_FS_WKUP_IRQHandler                   0x080003ab   Thumb Code     0  startup_stm32h743xx.o(.text)
    OTG_HS_EP1_IN_IRQHandler                 0x080003ab   Thumb Code     0  startup_stm32h743xx.o(.text)
    OTG_HS_EP1_OUT_IRQHandler                0x080003ab   Thumb Code     0  startup_stm32h743xx.o(.text)
    OTG_HS_IRQHandler                        0x080003ab   Thumb Code     0  startup_stm32h743xx.o(.text)
    OTG_HS_WKUP_IRQHandler                   0x080003ab   Thumb Code     0  startup_stm32h743xx.o(.text)
    PVD_AVD_IRQHandler                       0x080003ab   Thumb Code     0  startup_stm32h743xx.o(.text)
    QUADSPI_IRQHandler                       0x080003ab   Thumb Code     0  startup_stm32h743xx.o(.text)
    RCC_IRQHandler                           0x080003ab   Thumb Code     0  startup_stm32h743xx.o(.text)
    RNG_IRQHandler                           0x080003ab   Thumb Code     0  startup_stm32h743xx.o(.text)
    RTC_Alarm_IRQHandler                     0x080003ab   Thumb Code     0  startup_stm32h743xx.o(.text)
    RTC_WKUP_IRQHandler                      0x080003ab   Thumb Code     0  startup_stm32h743xx.o(.text)
    SAI1_IRQHandler                          0x080003ab   Thumb Code     0  startup_stm32h743xx.o(.text)
    SAI2_IRQHandler                          0x080003ab   Thumb Code     0  startup_stm32h743xx.o(.text)
    SAI3_IRQHandler                          0x080003ab   Thumb Code     0  startup_stm32h743xx.o(.text)
    SAI4_IRQHandler                          0x080003ab   Thumb Code     0  startup_stm32h743xx.o(.text)
    SDMMC1_IRQHandler                        0x080003ab   Thumb Code     0  startup_stm32h743xx.o(.text)
    SDMMC2_IRQHandler                        0x080003ab   Thumb Code     0  startup_stm32h743xx.o(.text)
    SPDIF_RX_IRQHandler                      0x080003ab   Thumb Code     0  startup_stm32h743xx.o(.text)
    SPI1_IRQHandler                          0x080003ab   Thumb Code     0  startup_stm32h743xx.o(.text)
    SPI2_IRQHandler                          0x080003ab   Thumb Code     0  startup_stm32h743xx.o(.text)
    SPI3_IRQHandler                          0x080003ab   Thumb Code     0  startup_stm32h743xx.o(.text)
    SPI4_IRQHandler                          0x080003ab   Thumb Code     0  startup_stm32h743xx.o(.text)
    SPI5_IRQHandler                          0x080003ab   Thumb Code     0  startup_stm32h743xx.o(.text)
    SPI6_IRQHandler                          0x080003ab   Thumb Code     0  startup_stm32h743xx.o(.text)
    SWPMI1_IRQHandler                        0x080003ab   Thumb Code     0  startup_stm32h743xx.o(.text)
    TAMP_STAMP_IRQHandler                    0x080003ab   Thumb Code     0  startup_stm32h743xx.o(.text)
    TIM15_IRQHandler                         0x080003ab   Thumb Code     0  startup_stm32h743xx.o(.text)
    TIM16_IRQHandler                         0x080003ab   Thumb Code     0  startup_stm32h743xx.o(.text)
    TIM17_IRQHandler                         0x080003ab   Thumb Code     0  startup_stm32h743xx.o(.text)
    TIM1_BRK_IRQHandler                      0x080003ab   Thumb Code     0  startup_stm32h743xx.o(.text)
    TIM1_CC_IRQHandler                       0x080003ab   Thumb Code     0  startup_stm32h743xx.o(.text)
    TIM1_TRG_COM_IRQHandler                  0x080003ab   Thumb Code     0  startup_stm32h743xx.o(.text)
    TIM1_UP_IRQHandler                       0x080003ab   Thumb Code     0  startup_stm32h743xx.o(.text)
    TIM2_IRQHandler                          0x080003ab   Thumb Code     0  startup_stm32h743xx.o(.text)
    TIM3_IRQHandler                          0x080003ab   Thumb Code     0  startup_stm32h743xx.o(.text)
    TIM4_IRQHandler                          0x080003ab   Thumb Code     0  startup_stm32h743xx.o(.text)
    TIM5_IRQHandler                          0x080003ab   Thumb Code     0  startup_stm32h743xx.o(.text)
    TIM6_DAC_IRQHandler                      0x080003ab   Thumb Code     0  startup_stm32h743xx.o(.text)
    TIM7_IRQHandler                          0x080003ab   Thumb Code     0  startup_stm32h743xx.o(.text)
    TIM8_BRK_TIM12_IRQHandler                0x080003ab   Thumb Code     0  startup_stm32h743xx.o(.text)
    TIM8_CC_IRQHandler                       0x080003ab   Thumb Code     0  startup_stm32h743xx.o(.text)
    TIM8_TRG_COM_TIM14_IRQHandler            0x080003ab   Thumb Code     0  startup_stm32h743xx.o(.text)
    TIM8_UP_TIM13_IRQHandler                 0x080003ab   Thumb Code     0  startup_stm32h743xx.o(.text)
    UART4_IRQHandler                         0x080003ab   Thumb Code     0  startup_stm32h743xx.o(.text)
    UART5_IRQHandler                         0x080003ab   Thumb Code     0  startup_stm32h743xx.o(.text)
    UART7_IRQHandler                         0x080003ab   Thumb Code     0  startup_stm32h743xx.o(.text)
    UART8_IRQHandler                         0x080003ab   Thumb Code     0  startup_stm32h743xx.o(.text)
    USART1_IRQHandler                        0x080003ab   Thumb Code     0  startup_stm32h743xx.o(.text)
    USART2_IRQHandler                        0x080003ab   Thumb Code     0  startup_stm32h743xx.o(.text)
    USART6_IRQHandler                        0x080003ab   Thumb Code     0  startup_stm32h743xx.o(.text)
    WAKEUP_PIN_IRQHandler                    0x080003ab   Thumb Code     0  startup_stm32h743xx.o(.text)
    WWDG_IRQHandler                          0x080003ab   Thumb Code     0  startup_stm32h743xx.o(.text)
    __user_initial_stackheap                 0x080003ad   Thumb Code     0  startup_stm32h743xx.o(.text)
    malloc                                   0x080003d1   Thumb Code    94  h1_alloc.o(.text)
    free                                     0x0800042f   Thumb Code    78  h1_free.o(.text)
    __aeabi_uldivmod                         0x0800047d   Thumb Code     0  lludivv7m.o(.text)
    _ll_udiv                                 0x0800047d   Thumb Code   238  lludivv7m.o(.text)
    __2printf                                0x0800056d   Thumb Code    20  __2printf.o(.text)
    __2sprintf                               0x08000585   Thumb Code    38  __2sprintf.o(.text)
    _printf_int_dec                          0x080005b1   Thumb Code   104  _printf_dec.o(.text)
    __printf                                 0x08000629   Thumb Code   308  __printf_flags_wp.o(.text)
    memcmp                                   0x08000761   Thumb Code    88  memcmp.o(.text)
    __aeabi_memcpy                           0x080007b9   Thumb Code     0  rt_memcpy_v6.o(.text)
    __rt_memcpy                              0x080007b9   Thumb Code   138  rt_memcpy_v6.o(.text)
    _memcpy_lastbytes                        0x0800081f   Thumb Code     0  rt_memcpy_v6.o(.text)
    __aeabi_memcpy4                          0x08000843   Thumb Code     0  rt_memcpy_w.o(.text)
    __aeabi_memcpy8                          0x08000843   Thumb Code     0  rt_memcpy_w.o(.text)
    __rt_memcpy_w                            0x08000843   Thumb Code   100  rt_memcpy_w.o(.text)
    _memcpy_lastbytes_aligned                0x0800088b   Thumb Code     0  rt_memcpy_w.o(.text)
    __aeabi_memclr4                          0x080008a7   Thumb Code     0  rt_memclr_w.o(.text)
    __aeabi_memclr8                          0x080008a7   Thumb Code     0  rt_memclr_w.o(.text)
    __rt_memclr_w                            0x080008a7   Thumb Code    78  rt_memclr_w.o(.text)
    _memset_w                                0x080008ab   Thumb Code     0  rt_memclr_w.o(.text)
    strcmp                                   0x080008f5   Thumb Code   104  strcmpv7m_pel.o(.text)
    __use_two_region_memory                  0x0800095d   Thumb Code     2  heapauxi.o(.text)
    __rt_heap_escrow                         0x0800095f   Thumb Code     2  heapauxi.o(.text)
    __rt_heap_expand                         0x08000961   Thumb Code     2  heapauxi.o(.text)
    __rt_heap_descriptor                     0x08000965   Thumb Code     8  rt_heap_descriptor_intlibspace.o(.text)
    __use_no_heap                            0x0800096d   Thumb Code     2  hguard.o(.text)
    __heap$guard                             0x0800096f   Thumb Code     2  hguard.o(.text)
    _terminate_user_alloc                    0x08000971   Thumb Code     2  init_alloc.o(.text)
    _init_user_alloc                         0x08000973   Thumb Code     2  init_alloc.o(.text)
    __Heap_Full                              0x08000975   Thumb Code    34  init_alloc.o(.text)
    __Heap_Broken                            0x08000997   Thumb Code     6  init_alloc.o(.text)
    _init_alloc                              0x0800099d   Thumb Code    94  init_alloc.o(.text)
    __Heap_Initialize                        0x080009fb   Thumb Code    10  h1_init.o(.text)
    __Heap_DescSize                          0x08000a05   Thumb Code     4  h1_init.o(.text)
    __read_errno                             0x08000a09   Thumb Code    10  _rserrno.o(.text)
    __set_errno                              0x08000a13   Thumb Code    12  _rserrno.o(.text)
    _printf_int_common                       0x08000a1f   Thumb Code   178  _printf_intcommon.o(.text)
    _printf_char_common                      0x08000adb   Thumb Code    32  _printf_char_common.o(.text)
    _sputc                                   0x08000b01   Thumb Code    10  _sputc.o(.text)
    _printf_char_file                        0x08000b0d   Thumb Code    32  _printf_char_file.o(.text)
    __user_libspace                          0x08000b31   Thumb Code     8  libspace.o(.text)
    __user_perproc_libspace                  0x08000b31   Thumb Code     0  libspace.o(.text)
    __user_perthread_libspace                0x08000b31   Thumb Code     0  libspace.o(.text)
    __aeabi_errno_addr                       0x08000b39   Thumb Code     8  rt_errno_addr_intlibspace.o(.text)
    __errno$intlibspace                      0x08000b39   Thumb Code     0  rt_errno_addr_intlibspace.o(.text)
    __rt_errno_addr$intlibspace              0x08000b39   Thumb Code     0  rt_errno_addr_intlibspace.o(.text)
    __Heap_ProvideMemory                     0x08000b41   Thumb Code    52  h1_extend.o(.text)
    ferror                                   0x08000b75   Thumb Code     8  ferror.o(.text)
    _initio                                  0x08000b7d   Thumb Code   210  initio.o(.text)
    _terminateio                             0x08000c4f   Thumb Code    56  initio.o(.text)
    __rt_SIGRTMEM                            0x08000cb5   Thumb Code    14  defsig_rtmem_outer.o(.text)
    __I$use$semihosting                      0x08000cc3   Thumb Code     0  use_no_semi.o(.text)
    __use_no_semihosting_swi                 0x08000cc3   Thumb Code     2  use_no_semi.o(.text)
    __semihosting_library_function           0x08000cc5   Thumb Code     0  indicate_semi.o(.text)
    __user_setup_stackheap                   0x08000cc5   Thumb Code    74  sys_stackheap_outer.o(.text)
    setvbuf                                  0x08000d0f   Thumb Code    70  setvbuf.o(.text)
    freopen                                  0x08000d55   Thumb Code   158  fopen.o(.text)
    fopen                                    0x08000df3   Thumb Code    74  fopen.o(.text)
    _fclose_internal                         0x08000e41   Thumb Code    76  fclose.o(.text)
    fclose                                   0x08000e41   Thumb Code     0  fclose.o(.text)
    exit                                     0x08000e8d   Thumb Code    18  exit.o(.text)
    __sig_exit                               0x08000e9f   Thumb Code    10  defsig_exit.o(.text)
    __rt_SIGRTRED                            0x08000ea9   Thumb Code    14  defsig_rtred_outer.o(.text)
    __rt_SIGRTMEM_inner                      0x08000eb9   Thumb Code    22  defsig_rtmem_inner.o(.text)
    _sys_exit                                0x08000f09   Thumb Code     8  sys_exit.o(.text)
    _fseek                                   0x08000f15   Thumb Code   242  fseek.o(.text)
    fseek                                    0x08000f15   Thumb Code     0  fseek.o(.text)
    _seterr                                  0x0800100d   Thumb Code    20  stdio.o(.text)
    _writebuf                                0x08001021   Thumb Code    84  stdio.o(.text)
    _fflush                                  0x08001075   Thumb Code    70  stdio.o(.text)
    _deferredlazyseek                        0x080010bb   Thumb Code    60  stdio.o(.text)
    __default_signal_display                 0x080010fd   Thumb Code    50  defsig_general.o(.text)
    __rt_SIGRTRED_inner                      0x08001131   Thumb Code    14  defsig_rtred_inner.o(.text)
    _ttywrch                                 0x08001165   Thumb Code    14  sys_wrch.o(.text)
    _ftell_internal                          0x08001173   Thumb Code    66  ftell.o(.text)
    ftell                                    0x08001173   Thumb Code     0  ftell.o(.text)
    BusFault_Handler                         0x080011b5   Thumb Code     2  stm32h7xx_it.o(i.BusFault_Handler)
    DebugMon_Handler                         0x08001259   Thumb Code     2  stm32h7xx_it.o(i.DebugMon_Handler)
    Error_Handler                            0x08001591   Thumb Code     4  main.o(i.Error_Handler)
    HAL_CRCEx_Polynomial_Set                 0x08001595   Thumb Code    78  stm32h7xx_hal_crc_ex.o(i.HAL_CRCEx_Polynomial_Set)
    HAL_CRC_Init                             0x080015e5   Thumb Code   114  stm32h7xx_hal_crc.o(i.HAL_CRC_Init)
    HAL_CRC_MspInit                          0x0800165d   Thumb Code    30  crc.o(i.HAL_CRC_MspInit)
    HAL_DMA_Abort                            0x08001685   Thumb Code   836  stm32h7xx_hal_dma.o(i.HAL_DMA_Abort)
    HAL_DMA_Abort_IT                         0x080019e5   Thumb Code   602  stm32h7xx_hal_dma.o(i.HAL_DMA_Abort_IT)
    HAL_Delay                                0x08001c69   Thumb Code    32  stm32h7xx_hal.o(i.HAL_Delay)
    HAL_ETH_Init                             0x08001c8d   Thumb Code   410  stm32h7xx_hal_eth.o(i.HAL_ETH_Init)
    HAL_ETH_MspInit                          0x08001e35   Thumb Code   232  eth.o(i.HAL_ETH_MspInit)
    HAL_ETH_SetMDIOClockRange                0x08001f35   Thumb Code    88  stm32h7xx_hal_eth.o(i.HAL_ETH_SetMDIOClockRange)
    HAL_GPIO_Init                            0x08001fad   Thumb Code   506  stm32h7xx_hal_gpio.o(i.HAL_GPIO_Init)
    HAL_GPIO_WritePin                        0x080021d9   Thumb Code    10  stm32h7xx_hal_gpio.o(i.HAL_GPIO_WritePin)
    HAL_GetREVID                             0x080021e5   Thumb Code     8  stm32h7xx_hal.o(i.HAL_GetREVID)
    HAL_GetTick                              0x080021f1   Thumb Code     6  stm32h7xx_hal.o(i.HAL_GetTick)
    HAL_IncTick                              0x080021fd   Thumb Code    12  stm32h7xx_hal.o(i.HAL_IncTick)
    HAL_Init                                 0x0800220d   Thumb Code    74  stm32h7xx_hal.o(i.HAL_Init)
    HAL_InitTick                             0x08002269   Thumb Code    56  stm32h7xx_hal.o(i.HAL_InitTick)
    HAL_MspInit                              0x080022a9   Thumb Code    22  stm32h7xx_hal_msp.o(i.HAL_MspInit)
    HAL_NVIC_EnableIRQ                       0x080022c5   Thumb Code    26  stm32h7xx_hal_cortex.o(i.HAL_NVIC_EnableIRQ)
    HAL_NVIC_SetPriority                     0x080022e1   Thumb Code    60  stm32h7xx_hal_cortex.o(i.HAL_NVIC_SetPriority)
    HAL_NVIC_SetPriorityGrouping             0x08002321   Thumb Code    28  stm32h7xx_hal_cortex.o(i.HAL_NVIC_SetPriorityGrouping)
    HAL_PCDEx_ActivateLPM                    0x08002345   Thumb Code    34  stm32h7xx_hal_pcd_ex.o(i.HAL_PCDEx_ActivateLPM)
    HAL_PCD_Init                             0x0800236d   Thumb Code   242  stm32h7xx_hal_pcd.o(i.HAL_PCD_Init)
    HAL_PCD_MspInit                          0x08002461   Thumb Code   146  usb_otg.o(i.HAL_PCD_MspInit)
    HAL_PWREx_ConfigSupply                   0x08002501   Thumb Code    78  stm32h7xx_hal_pwr_ex.o(i.HAL_PWREx_ConfigSupply)
    HAL_PWREx_EnableUSBVoltageDetector       0x08002555   Thumb Code    12  stm32h7xx_hal_pwr_ex.o(i.HAL_PWREx_EnableUSBVoltageDetector)
    HAL_RCCEx_GetD3PCLK1Freq                 0x08002565   Thumb Code    26  stm32h7xx_hal_rcc_ex.o(i.HAL_RCCEx_GetD3PCLK1Freq)
    HAL_RCCEx_GetPLL2ClockFreq               0x08002589   Thumb Code   296  stm32h7xx_hal_rcc_ex.o(i.HAL_RCCEx_GetPLL2ClockFreq)
    HAL_RCCEx_GetPLL3ClockFreq               0x080026cd   Thumb Code   296  stm32h7xx_hal_rcc_ex.o(i.HAL_RCCEx_GetPLL3ClockFreq)
    HAL_RCCEx_PeriphCLKConfig                0x08002811   Thumb Code  2258  stm32h7xx_hal_rcc_ex.o(i.HAL_RCCEx_PeriphCLKConfig)
    HAL_RCC_ClockConfig                      0x080030e5   Thumb Code   580  stm32h7xx_hal_rcc.o(i.HAL_RCC_ClockConfig)
    HAL_RCC_GetHCLKFreq                      0x08003341   Thumb Code    52  stm32h7xx_hal_rcc.o(i.HAL_RCC_GetHCLKFreq)
    HAL_RCC_GetPCLK1Freq                     0x08003385   Thumb Code    26  stm32h7xx_hal_rcc.o(i.HAL_RCC_GetPCLK1Freq)
    HAL_RCC_GetPCLK2Freq                     0x080033a9   Thumb Code    26  stm32h7xx_hal_rcc.o(i.HAL_RCC_GetPCLK2Freq)
    HAL_RCC_GetSysClockFreq                  0x080033cd   Thumb Code   278  stm32h7xx_hal_rcc.o(i.HAL_RCC_GetSysClockFreq)
    HAL_RCC_OscConfig                        0x08003505   Thumb Code  1322  stm32h7xx_hal_rcc.o(i.HAL_RCC_OscConfig)
    HAL_SPI_Init                             0x08003a35   Thumb Code   330  stm32h7xx_hal_spi.o(i.HAL_SPI_Init)
    HAL_SPI_MspInit                          0x08003b8d   Thumb Code   150  spi.o(i.HAL_SPI_MspInit)
    HAL_SPI_Transmit                         0x08003c35   Thumb Code   568  stm32h7xx_hal_spi.o(i.HAL_SPI_Transmit)
    HAL_SYSCFG_ETHInterfaceSelect            0x08003e6d   Thumb Code    14  stm32h7xx_hal.o(i.HAL_SYSCFG_ETHInterfaceSelect)
    HAL_SYSTICK_Config                       0x08003e81   Thumb Code    38  stm32h7xx_hal_cortex.o(i.HAL_SYSTICK_Config)
    HAL_UARTEx_DisableFifoMode               0x08003ea7   Thumb Code    64  stm32h7xx_hal_uart_ex.o(i.HAL_UARTEx_DisableFifoMode)
    HAL_UARTEx_RxEventCallback               0x08003ee7   Thumb Code     2  stm32h7xx_hal_uart.o(i.HAL_UARTEx_RxEventCallback)
    HAL_UARTEx_RxFifoFullCallback            0x08003ee9   Thumb Code     2  stm32h7xx_hal_uart_ex.o(i.HAL_UARTEx_RxFifoFullCallback)
    HAL_UARTEx_SetRxFifoThreshold            0x08003eeb   Thumb Code    76  stm32h7xx_hal_uart_ex.o(i.HAL_UARTEx_SetRxFifoThreshold)
    HAL_UARTEx_SetTxFifoThreshold            0x08003f37   Thumb Code    76  stm32h7xx_hal_uart_ex.o(i.HAL_UARTEx_SetTxFifoThreshold)
    HAL_UARTEx_TxFifoEmptyCallback           0x08003f83   Thumb Code     2  stm32h7xx_hal_uart_ex.o(i.HAL_UARTEx_TxFifoEmptyCallback)
    HAL_UARTEx_WakeupCallback                0x08003f85   Thumb Code     2  stm32h7xx_hal_uart_ex.o(i.HAL_UARTEx_WakeupCallback)
    HAL_UART_ErrorCallback                   0x08003f87   Thumb Code     2  stm32h7xx_hal_uart.o(i.HAL_UART_ErrorCallback)
    HAL_UART_IRQHandler                      0x08003f89   Thumb Code   838  stm32h7xx_hal_uart.o(i.HAL_UART_IRQHandler)
    HAL_UART_Init                            0x080042e9   Thumb Code   106  stm32h7xx_hal_uart.o(i.HAL_UART_Init)
    HAL_UART_MspInit                         0x08004355   Thumb Code   132  usart.o(i.HAL_UART_MspInit)
    HAL_UART_Receive_IT                      0x080043e5   Thumb Code    80  stm32h7xx_hal_uart.o(i.HAL_UART_Receive_IT)
    HAL_UART_RxCpltCallback                  0x08004439   Thumb Code   128  usart.o(i.HAL_UART_RxCpltCallback)
    HAL_UART_Transmit                        0x080044d9   Thumb Code   190  stm32h7xx_hal_uart.o(i.HAL_UART_Transmit)
    HAL_UART_Transmit_IT                     0x08004599   Thumb Code   156  stm32h7xx_hal_uart.o(i.HAL_UART_Transmit_IT)
    HAL_UART_TxCpltCallback                  0x08004645   Thumb Code     2  stm32h7xx_hal_uart.o(i.HAL_UART_TxCpltCallback)
    HardFault_Handler                        0x08004647   Thumb Code     2  stm32h7xx_it.o(i.HardFault_Handler)
    MX_CRC_Init                              0x08004649   Thumb Code    40  crc.o(i.MX_CRC_Init)
    MX_ETH_Init                              0x08004679   Thumb Code    88  eth.o(i.MX_ETH_Init)
    MX_GPIO_Init                             0x080046e5   Thumb Code   318  gpio.o(i.MX_GPIO_Init)
    MX_SPI1_Init                             0x08004841   Thumb Code    84  spi.o(i.MX_SPI1_Init)
    MX_USART3_UART_Init                      0x0800489d   Thumb Code    94  usart.o(i.MX_USART3_UART_Init)
    MX_USB_OTG_FS_PCD_Init                   0x08004905   Thumb Code    54  usb_otg.o(i.MX_USB_OTG_FS_PCD_Init)
    MemManage_Handler                        0x08004945   Thumb Code     2  stm32h7xx_it.o(i.MemManage_Handler)
    NMI_Handler                              0x08004947   Thumb Code     2  stm32h7xx_it.o(i.NMI_Handler)
    PendSV_Handler                           0x08004949   Thumb Code     2  stm32h7xx_it.o(i.PendSV_Handler)
    Prediction                               0x0800494d   Thumb Code    82  aiapp.o(i.Prediction)
    SVC_Handler                              0x08004d07   Thumb Code     2  stm32h7xx_it.o(i.SVC_Handler)
    SysTick_Handler                          0x08004d09   Thumb Code     4  stm32h7xx_it.o(i.SysTick_Handler)
    SystemClock_Config                       0x08004d0d   Thumb Code   158  main.o(i.SystemClock_Config)
    SystemInit                               0x08004db5   Thumb Code   180  system_stm32h7xx.o(i.SystemInit)
    UART_AdvFeatureConfig                    0x08004ed5   Thumb Code   200  stm32h7xx_hal_uart.o(i.UART_AdvFeatureConfig)
    UART_CheckIdleState                      0x08004f9d   Thumb Code    96  stm32h7xx_hal_uart.o(i.UART_CheckIdleState)
    UART_SetConfig                           0x08005495   Thumb Code   876  stm32h7xx_hal_uart.o(i.UART_SetConfig)
    UART_Start_Receive_IT                    0x08005841   Thumb Code   262  stm32h7xx_hal_uart.o(i.UART_Start_Receive_IT)
    UART_WaitOnFlagUntilTimeout              0x08005acb   Thumb Code   202  stm32h7xx_hal_uart.o(i.UART_WaitOnFlagUntilTimeout)
    USART3_IRQHandler                        0x08005b95   Thumb Code     6  stm32h7xx_it.o(i.USART3_IRQHandler)
    USB_CoreInit                             0x08005ba1   Thumb Code   128  stm32h7xx_ll_usb.o(i.USB_CoreInit)
    USB_DevDisconnect                        0x08005c69   Thumb Code    28  stm32h7xx_ll_usb.o(i.USB_DevDisconnect)
    USB_DevInit                              0x08005c85   Thumb Code   368  stm32h7xx_ll_usb.o(i.USB_DevInit)
    USB_DisableGlobalInt                     0x08005dfd   Thumb Code    12  stm32h7xx_ll_usb.o(i.USB_DisableGlobalInt)
    USB_FlushRxFifo                          0x08005e09   Thumb Code    54  stm32h7xx_ll_usb.o(i.USB_FlushRxFifo)
    USB_FlushTxFifo                          0x08005e45   Thumb Code    58  stm32h7xx_ll_usb.o(i.USB_FlushTxFifo)
    USB_SetCurrentMode                       0x08005e85   Thumb Code    94  stm32h7xx_ll_usb.o(i.USB_SetCurrentMode)
    UsageFault_Handler                       0x08005ee3   Thumb Code     2  stm32h7xx_it.o(i.UsageFault_Handler)
    __ARM_fpclassifyf                        0x08005ee5   Thumb Code    38  fpclassifyf.o(i.__ARM_fpclassifyf)
    __hardfp_expf                            0x08006025   Thumb Code   426  expf.o(i.__hardfp_expf)
    __mathlib_expf                           0x08006025   Thumb Code     0  expf.o(i.__hardfp_expf)
    __mathlib_flt_infnan                     0x08006219   Thumb Code     6  funder.o(i.__mathlib_flt_infnan)
    __mathlib_flt_overflow                   0x08006221   Thumb Code    10  funder.o(i.__mathlib_flt_overflow)
    __mathlib_flt_underflow                  0x08006231   Thumb Code    10  funder.o(i.__mathlib_flt_underflow)
    _is_digit                                0x08006253   Thumb Code    14  __printf_wp.o(i._is_digit)
    _sys_close                               0x08006599   Thumb Code    24  syscalls.o(i._sys_close)
    _sys_flen                                0x080065b1   Thumb Code     4  syscalls.o(i._sys_flen)
    _sys_istty                               0x080065b5   Thumb Code    24  syscalls.o(i._sys_istty)
    _sys_open                                0x080065cd   Thumb Code    64  syscalls.o(i._sys_open)
    _sys_seek                                0x08006625   Thumb Code     6  syscalls.o(i._sys_seek)
    _sys_write                               0x0800662b   Thumb Code    26  syscalls.o(i._sys_write)
    ai_array_get_byte_size                   0x08006645   Thumb Code    68  ai_datatypes_format.o(i.ai_array_get_byte_size)
    ai_array_to_buffer_fmt                   0x08006689   Thumb Code   208  ai_datatypes_format.o(i.ai_array_to_buffer_fmt)
    ai_check_custom_types                    0x08006785   Thumb Code    38  layers.o(i.ai_check_custom_types)
    ai_dict4_dot_array_f32                   0x080067b1   Thumb Code   300  layers_conv2d_generic_float.o(i.ai_dict4_dot_array_f32)
    ai_dict8_dot_array_f32                   0x080068e1   Thumb Code   246  layers_conv2d_generic_float.o(i.ai_dict8_dot_array_f32)
    ai_layers_forward_all                    0x080069dd   Thumb Code    78  layers.o(i.ai_layers_forward_all)
    ai_layers_init_all                       0x08006a2b   Thumb Code    30  layers.o(i.ai_layers_init_all)
    ai_layers_post_init_all                  0x08006a49   Thumb Code    54  layers.o(i.ai_layers_post_init_all)
    ai_network_create                        0x08006a81   Thumb Code    20  network.o(i.ai_network_create)
    ai_network_data_weights_get              0x08006a99   Thumb Code     4  network_data.o(i.ai_network_data_weights_get)
    ai_network_init                          0x08006aa1   Thumb Code   102  network.o(i.ai_network_init)
    ai_network_run                           0x08006b0d   Thumb Code     4  network.o(i.ai_network_run)
    ai_platform_context_acquire              0x08006b11   Thumb Code    24  ai_platform_interface.o(i.ai_platform_context_acquire)
    ai_platform_interface_api_get_version    0x08006b2d   Thumb Code    14  ai_platform_interface.o(i.ai_platform_interface_api_get_version)
    ai_platform_network_create               0x08006b41   Thumb Code   138  ai_platform_interface.o(i.ai_platform_network_create)
    ai_platform_network_init                 0x08006bd9   Thumb Code   114  ai_platform_interface.o(i.ai_platform_network_init)
    ai_platform_network_post_init            0x08006c4b   Thumb Code    70  ai_platform_interface.o(i.ai_platform_network_post_init)
    ai_platform_network_process              0x08006c91   Thumb Code    86  ai_platform_interface.o(i.ai_platform_network_process)
    ai_platform_network_set_error            0x08006ce7   Thumb Code    12  ai_platform_interface.o(i.ai_platform_network_set_error)
    core_init                                0x08006d0d   Thumb Code     4  core_common.o(i.core_init)
    core_set_error                           0x08006d11   Thumb Code    26  core_common.o(i.core_set_error)
    forward_dense                            0x08006d2d   Thumb Code   396  layers_conv2d_generic_float.o(i.forward_dense)
    forward_relu                             0x08006ebd   Thumb Code   154  layers_nl_generic_float.o(i.forward_relu)
    forward_sm                               0x08006f57   Thumb Code   108  layers_nl_generic_float.o(i.forward_sm)
    fputc                                    0x08006fc5   Thumb Code    26  aitestutility.o(i.fputc)
    lcd_clear                                0x08006fe9   Thumb Code    44  john_18tft.o(i.lcd_clear)
    lcd_displayimage032_zoom                 0x08007015   Thumb Code    94  john_18tft.o(i.lcd_displayimage032_zoom)
    lcd_init                                 0x08007075   Thumb Code   586  john_18tft.o(i.lcd_init)
    lcd_set_region                           0x080072c5   Thumb Code    90  john_18tft.o(i.lcd_set_region)
    lcd_showchar                             0x08007321   Thumb Code    88  john_18tft.o(i.lcd_showchar)
    lcd_showstr                              0x0800737d   Thumb Code    46  john_18tft.o(i.lcd_showstr)
    lcd_writeData                            0x080073ad   Thumb Code    54  john_18tft.o(i.lcd_writeData)
    lcd_writeIndex                           0x080073f1   Thumb Code    54  john_18tft.o(i.lcd_writeIndex)
    lcd_writedata_16bit                      0x08007435   Thumb Code    64  john_18tft.o(i.lcd_writedata_16bit)
    main                                     0x08007481   Thumb Code   416  main.o(i.main)
    nl_func_relu_array_f32                   0x0800776d   Thumb Code    52  layers_nl_generic_float.o(i.nl_func_relu_array_f32)
    nl_func_relu_generic_array_f32           0x080077a5   Thumb Code   194  layers_nl_generic_float.o(i.nl_func_relu_generic_array_f32)
    nl_func_relu_thresholded_array_f32       0x0800786d   Thumb Code    66  layers_nl_generic_float.o(i.nl_func_relu_thresholded_array_f32)
    nl_func_sm_array_f32                     0x080078b5   Thumb Code    78  layers_nl_generic_float.o(i.nl_func_sm_array_f32)
    nl_func_sm_channel_f32                   0x08007905   Thumb Code   142  layers_nl_generic_float.o(i.nl_func_sm_channel_f32)
    _fp_init                                 0x08007999   Thumb Code    10  fpinit.o(x$fpl$fpinit)
    __fplib_config_fpu_vfp                   0x080079a1   Thumb Code     0  fpinit.o(x$fpl$fpinit)
    __fplib_config_pureend_doubles           0x080079a1   Thumb Code     0  fpinit.o(x$fpl$fpinit)
    __I$use$fp                               0x080079a2   Number         0  usenofp.o(x$fpl$usenofp)
    __stdin_name                             0x0803b088   Data           7  syscalls.o(.constdata)
    __stdout_name                            0x0803b08f   Data           8  syscalls.o(.constdata)
    __stderr_name                            0x0803b097   Data           8  syscalls.o(.constdata)
    tft_ascii                                0x0803b09f   Data        1520  john_font.o(.constdata)
    UARTPrescTable                           0x0803b6c0   Data          24  stm32h7xx_hal_uart.o(.constdata)
    D1CorePrescTable                         0x0803b6e8   Data          16  system_stm32h7xx.o(.constdata)
    Region$$Table$$Base                      0x0803b75c   Number         0  anon$$obj.o(Region$$Table)
    Region$$Table$$Limit                     0x0803b77c   Number         0  anon$$obj.o(Region$$Table)
    ai_err                                   0x2400070c   Data           4  aiapp.o(.data)
    nbatch                                   0x24000710   Data           4  aiapp.o(.data)
    ai_input                                 0x24000714   Data          24  aiapp.o(.data)
    ai_output                                0x2400072c   Data          24  aiapp.o(.data)
    UART3_temp                               0x2400074c   Data           1  usart.o(.data)
    state                                    0x2400074d   Data           1  usart.o(.data)
    UART3_Rx_cnt                             0x24000750   Data           4  usart.o(.data)
    uwTickFreq                               0x24000754   Data           1  stm32h7xx_hal.o(.data)
    uwTickPrio                               0x24000758   Data           4  stm32h7xx_hal.o(.data)
    uwTick                                   0x2400075c   Data           4  stm32h7xx_hal.o(.data)
    SystemCoreClock                          0x24000760   Data           4  system_stm32h7xx.o(.data)
    SystemD2Clock                            0x24000764   Data           4  system_stm32h7xx.o(.data)
    __aeabi_stdin                            0x24000768   Data           4  stdio_streams.o(.data)
    __aeabi_stdout                           0x2400076c   Data           4  stdio_streams.o(.data)
    __aeabi_stderr                           0x24000770   Data           4  stdio_streams.o(.data)
    u_buf                                    0x240007c4   Data         255  main.o(.bss)
    hcrc                                     0x240008c4   Data          36  crc.o(.bss)
    TxConfig                                 0x240008e8   Data          56  eth.o(.bss)
    heth                                     0x24000920   Data         176  eth.o(.bss)
    hspi1                                    0x240009d0   Data         136  spi.o(.bss)
    UART3_Rx_Buf                             0x24000a58   Data         800  usart.o(.bss)
    huart3                                   0x24000d78   Data         144  usart.o(.bss)
    hpcd_USB_OTG_FS                          0x24000e08   Data        1292  usb_otg.o(.bss)
    __stdin                                  0x24001314   Data          84  stdio_streams.o(.bss)
    __stdout                                 0x24001368   Data          84  stdio_streams.o(.bss)
    __stderr                                 0x240013bc   Data          84  stdio_streams.o(.bss)
    __libspace_start                         0x24001410   Data          96  libspace.o(.bss)
    __temporary_stack_top$libspace           0x24001470   Data           0  libspace.o(.bss)
    DMARxDscrTab                             0x30000000   Data          96  eth.o(.ARM.__AT_0x30000000)
    DMATxDscrTab                             0x30000200   Data          96  eth.o(.ARM.__AT_0x30000200)
    Rx_Buff                                  0x30000260   Data        6112  eth.o(.ARM.__AT_0x30000260)



==============================================================================

Memory Map of the image

  Image Entry point : 0x08000299

  Load Region LR_IROM1 (Base: 0x08000000, Size: 0x0003bef0, Max: 0x00200000, ABSOLUTE, COMPRESSED[0x0003b9e4])

    Execution Region ER_IROM1 (Exec base: 0x08000000, Load base: 0x08000000, Size: 0x0003b77c, Max: 0x00200000, ABSOLUTE)

    Exec Addr    Load Addr    Size         Type   Attr      Idx    E Section Name        Object

    0x08000000   0x08000000   0x00000298   Data   RO            3    RESET               startup_stm32h743xx.o
    0x08000298   0x08000298   0x00000008   Code   RO         7385  * !!!main             c_w.l(__main.o)
    0x080002a0   0x080002a0   0x00000034   Code   RO         7977    !!!scatter          c_w.l(__scatter.o)
    0x080002d4   0x080002d4   0x0000005a   Code   RO         7975    !!dczerorl2         c_w.l(__dczerorl2.o)
    0x0800032e   0x0800032e   0x00000002   PAD
    0x08000330   0x08000330   0x0000001c   Code   RO         7979    !!handler_zi        c_w.l(__scatter_zi.o)
    0x0800034c   0x0800034c   0x00000000   Code   RO         7366    .ARM.Collect$$_printf_percent$$00000000  c_w.l(_printf_percent.o)
    0x0800034c   0x0800034c   0x00000006   Code   RO         7363    .ARM.Collect$$_printf_percent$$00000009  c_w.l(_printf_d.o)
    0x08000352   0x08000352   0x00000004   Code   RO         7663    .ARM.Collect$$_printf_percent$$00000017  c_w.l(_printf_percent_end.o)
    0x08000356   0x08000356   0x00000002   Code   RO         7908    .ARM.Collect$$libinit$$00000000  c_w.l(libinit.o)
    0x08000358   0x08000358   0x00000004   Code   RO         7672    .ARM.Collect$$libinit$$00000001  c_w.l(libinit2.o)
    0x0800035c   0x0800035c   0x00000000   Code   RO         7675    .ARM.Collect$$libinit$$00000004  c_w.l(libinit2.o)
    0x0800035c   0x0800035c   0x00000008   Code   RO         7676    .ARM.Collect$$libinit$$00000005  c_w.l(libinit2.o)
    0x08000364   0x08000364   0x00000000   Code   RO         7678    .ARM.Collect$$libinit$$0000000A  c_w.l(libinit2.o)
    0x08000364   0x08000364   0x00000000   Code   RO         7680    .ARM.Collect$$libinit$$0000000C  c_w.l(libinit2.o)
    0x08000364   0x08000364   0x00000000   Code   RO         7682    .ARM.Collect$$libinit$$0000000E  c_w.l(libinit2.o)
    0x08000364   0x08000364   0x00000000   Code   RO         7685    .ARM.Collect$$libinit$$00000011  c_w.l(libinit2.o)
    0x08000364   0x08000364   0x00000000   Code   RO         7687    .ARM.Collect$$libinit$$00000013  c_w.l(libinit2.o)
    0x08000364   0x08000364   0x00000000   Code   RO         7689    .ARM.Collect$$libinit$$00000015  c_w.l(libinit2.o)
    0x08000364   0x08000364   0x00000000   Code   RO         7691    .ARM.Collect$$libinit$$00000017  c_w.l(libinit2.o)
    0x08000364   0x08000364   0x00000000   Code   RO         7693    .ARM.Collect$$libinit$$00000019  c_w.l(libinit2.o)
    0x08000364   0x08000364   0x00000000   Code   RO         7695    .ARM.Collect$$libinit$$0000001B  c_w.l(libinit2.o)
    0x08000364   0x08000364   0x00000000   Code   RO         7697    .ARM.Collect$$libinit$$0000001D  c_w.l(libinit2.o)
    0x08000364   0x08000364   0x00000000   Code   RO         7699    .ARM.Collect$$libinit$$0000001F  c_w.l(libinit2.o)
    0x08000364   0x08000364   0x00000000   Code   RO         7701    .ARM.Collect$$libinit$$00000021  c_w.l(libinit2.o)
    0x08000364   0x08000364   0x00000000   Code   RO         7703    .ARM.Collect$$libinit$$00000023  c_w.l(libinit2.o)
    0x08000364   0x08000364   0x00000004   Code   RO         7704    .ARM.Collect$$libinit$$00000024  c_w.l(libinit2.o)
    0x08000368   0x08000368   0x00000000   Code   RO         7705    .ARM.Collect$$libinit$$00000025  c_w.l(libinit2.o)
    0x08000368   0x08000368   0x00000000   Code   RO         7709    .ARM.Collect$$libinit$$0000002C  c_w.l(libinit2.o)
    0x08000368   0x08000368   0x00000000   Code   RO         7711    .ARM.Collect$$libinit$$0000002E  c_w.l(libinit2.o)
    0x08000368   0x08000368   0x00000000   Code   RO         7713    .ARM.Collect$$libinit$$00000030  c_w.l(libinit2.o)
    0x08000368   0x08000368   0x00000000   Code   RO         7715    .ARM.Collect$$libinit$$00000032  c_w.l(libinit2.o)
    0x08000368   0x08000368   0x00000002   Code   RO         7716    .ARM.Collect$$libinit$$00000033  c_w.l(libinit2.o)
    0x0800036a   0x0800036a   0x00000002   Code   RO         7972    .ARM.Collect$$libshutdown$$00000000  c_w.l(libshutdown.o)
    0x0800036c   0x0800036c   0x00000000   Code   RO         7910    .ARM.Collect$$libshutdown$$00000002  c_w.l(libshutdown2.o)
    0x0800036c   0x0800036c   0x00000004   Code   RO         7911    .ARM.Collect$$libshutdown$$00000003  c_w.l(libshutdown2.o)
    0x08000370   0x08000370   0x00000000   Code   RO         7912    .ARM.Collect$$libshutdown$$00000004  c_w.l(libshutdown2.o)
    0x08000370   0x08000370   0x00000000   Code   RO         7915    .ARM.Collect$$libshutdown$$00000007  c_w.l(libshutdown2.o)
    0x08000370   0x08000370   0x00000000   Code   RO         7918    .ARM.Collect$$libshutdown$$0000000A  c_w.l(libshutdown2.o)
    0x08000370   0x08000370   0x00000000   Code   RO         7920    .ARM.Collect$$libshutdown$$0000000C  c_w.l(libshutdown2.o)
    0x08000370   0x08000370   0x00000000   Code   RO         7923    .ARM.Collect$$libshutdown$$0000000F  c_w.l(libshutdown2.o)
    0x08000370   0x08000370   0x00000002   Code   RO         7924    .ARM.Collect$$libshutdown$$00000010  c_w.l(libshutdown2.o)
    0x08000372   0x08000372   0x00000000   Code   RO         7619    .ARM.Collect$$rtentry$$00000000  c_w.l(__rtentry.o)
    0x08000372   0x08000372   0x00000000   Code   RO         7774    .ARM.Collect$$rtentry$$00000002  c_w.l(__rtentry2.o)
    0x08000372   0x08000372   0x00000006   Code   RO         7786    .ARM.Collect$$rtentry$$00000004  c_w.l(__rtentry4.o)
    0x08000378   0x08000378   0x00000000   Code   RO         7776    .ARM.Collect$$rtentry$$00000009  c_w.l(__rtentry2.o)
    0x08000378   0x08000378   0x00000004   Code   RO         7777    .ARM.Collect$$rtentry$$0000000A  c_w.l(__rtentry2.o)
    0x0800037c   0x0800037c   0x00000000   Code   RO         7779    .ARM.Collect$$rtentry$$0000000C  c_w.l(__rtentry2.o)
    0x0800037c   0x0800037c   0x00000008   Code   RO         7780    .ARM.Collect$$rtentry$$0000000D  c_w.l(__rtentry2.o)
    0x08000384   0x08000384   0x00000002   Code   RO         7927    .ARM.Collect$$rtexit$$00000000  c_w.l(rtexit.o)
    0x08000386   0x08000386   0x00000000   Code   RO         7948    .ARM.Collect$$rtexit$$00000002  c_w.l(rtexit2.o)
    0x08000386   0x08000386   0x00000004   Code   RO         7949    .ARM.Collect$$rtexit$$00000003  c_w.l(rtexit2.o)
    0x0800038a   0x0800038a   0x00000006   Code   RO         7950    .ARM.Collect$$rtexit$$00000004  c_w.l(rtexit2.o)
    0x08000390   0x08000390   0x00000000   Code   RO         7802    .emb_text           c_w.l(maybetermalloc1.o)
    0x08000390   0x08000390   0x00000040   Code   RO            4    .text               startup_stm32h743xx.o
    0x080003d0   0x080003d0   0x0000005e   Code   RO         7238    .text               c_w.l(h1_alloc.o)
    0x0800042e   0x0800042e   0x0000004e   Code   RO         7240    .text               c_w.l(h1_free.o)
    0x0800047c   0x0800047c   0x000000ee   Code   RO         7300    .text               c_w.l(lludivv7m.o)
    0x0800056a   0x0800056a   0x00000002   PAD
    0x0800056c   0x0800056c   0x00000018   Code   RO         7304    .text               c_w.l(__2printf.o)
    0x08000584   0x08000584   0x0000002c   Code   RO         7306    .text               c_w.l(__2sprintf.o)
    0x080005b0   0x080005b0   0x00000078   Code   RO         7318    .text               c_w.l(_printf_dec.o)
    0x08000628   0x08000628   0x00000138   Code   RO         7353    .text               c_w.l(__printf_flags_wp.o)
    0x08000760   0x08000760   0x00000058   Code   RO         7367    .text               c_w.l(memcmp.o)
    0x080007b8   0x080007b8   0x0000008a   Code   RO         7373    .text               c_w.l(rt_memcpy_v6.o)
    0x08000842   0x08000842   0x00000064   Code   RO         7375    .text               c_w.l(rt_memcpy_w.o)
    0x080008a6   0x080008a6   0x0000004e   Code   RO         7379    .text               c_w.l(rt_memclr_w.o)
    0x080008f4   0x080008f4   0x00000068   Code   RO         7381    .text               c_w.l(strcmpv7m_pel.o)
    0x0800095c   0x0800095c   0x00000006   Code   RO         7383    .text               c_w.l(heapauxi.o)
    0x08000962   0x08000962   0x00000002   PAD
    0x08000964   0x08000964   0x00000008   Code   RO         7627    .text               c_w.l(rt_heap_descriptor_intlibspace.o)
    0x0800096c   0x0800096c   0x00000004   Code   RO         7629    .text               c_w.l(hguard.o)
    0x08000970   0x08000970   0x0000008a   Code   RO         7631    .text               c_w.l(init_alloc.o)
    0x080009fa   0x080009fa   0x0000000e   Code   RO         7635    .text               c_w.l(h1_init.o)
    0x08000a08   0x08000a08   0x00000016   Code   RO         7649    .text               c_w.l(_rserrno.o)
    0x08000a1e   0x08000a1e   0x000000b2   Code   RO         7651    .text               c_w.l(_printf_intcommon.o)
    0x08000ad0   0x08000ad0   0x00000030   Code   RO         7655    .text               c_w.l(_printf_char_common.o)
    0x08000b00   0x08000b00   0x0000000a   Code   RO         7657    .text               c_w.l(_sputc.o)
    0x08000b0a   0x08000b0a   0x00000002   PAD
    0x08000b0c   0x08000b0c   0x00000024   Code   RO         7661    .text               c_w.l(_printf_char_file.o)
    0x08000b30   0x08000b30   0x00000008   Code   RO         7770    .text               c_w.l(libspace.o)
    0x08000b38   0x08000b38   0x00000008   Code   RO         7798    .text               c_w.l(rt_errno_addr_intlibspace.o)
    0x08000b40   0x08000b40   0x00000034   Code   RO         7804    .text               c_w.l(h1_extend.o)
    0x08000b74   0x08000b74   0x00000008   Code   RO         7839    .text               c_w.l(ferror.o)
    0x08000b7c   0x08000b7c   0x00000138   Code   RO         7841    .text               c_w.l(initio.o)
    0x08000cb4   0x08000cb4   0x0000000e   Code   RO         7850    .text               c_w.l(defsig_rtmem_outer.o)
    0x08000cc2   0x08000cc2   0x00000002   Code   RO         7865    .text               c_w.l(use_no_semi.o)
    0x08000cc4   0x08000cc4   0x00000000   Code   RO         7867    .text               c_w.l(indicate_semi.o)
    0x08000cc4   0x08000cc4   0x0000004a   Code   RO         7868    .text               c_w.l(sys_stackheap_outer.o)
    0x08000d0e   0x08000d0e   0x00000046   Code   RO         7874    .text               c_w.l(setvbuf.o)
    0x08000d54   0x08000d54   0x000000ec   Code   RO         7877    .text               c_w.l(fopen.o)
    0x08000e40   0x08000e40   0x0000004c   Code   RO         7879    .text               c_w.l(fclose.o)
    0x08000e8c   0x08000e8c   0x00000012   Code   RO         7885    .text               c_w.l(exit.o)
    0x08000e9e   0x08000e9e   0x0000000a   Code   RO         7887    .text               c_w.l(defsig_exit.o)
    0x08000ea8   0x08000ea8   0x0000000e   Code   RO         7893    .text               c_w.l(defsig_rtred_outer.o)
    0x08000eb6   0x08000eb6   0x00000002   PAD
    0x08000eb8   0x08000eb8   0x00000050   Code   RO         7897    .text               c_w.l(defsig_rtmem_inner.o)
    0x08000f08   0x08000f08   0x0000000c   Code   RO         7925    .text               c_w.l(sys_exit.o)
    0x08000f14   0x08000f14   0x000000f8   Code   RO         7933    .text               c_w.l(fseek.o)
    0x0800100c   0x0800100c   0x000000f0   Code   RO         7935    .text               c_w.l(stdio.o)
    0x080010fc   0x080010fc   0x00000032   Code   RO         7939    .text               c_w.l(defsig_general.o)
    0x0800112e   0x0800112e   0x00000002   PAD
    0x08001130   0x08001130   0x00000034   Code   RO         7943    .text               c_w.l(defsig_rtred_inner.o)
    0x08001164   0x08001164   0x0000000e   Code   RO         7945    .text               c_w.l(sys_wrch.o)
    0x08001172   0x08001172   0x00000042   Code   RO         7954    .text               c_w.l(ftell.o)
    0x080011b4   0x080011b4   0x00000002   Code   RO         2175    i.BusFault_Handler  stm32h7xx_it.o
    0x080011b6   0x080011b6   0x00000002   PAD
    0x080011b8   0x080011b8   0x000000a0   Code   RO         6794    i.CRC_Lock          NetworkRuntime600_CM7_Keil.lib(ai_platform_interface.o)
    0x08001258   0x08001258   0x00000002   Code   RO         2176    i.DebugMon_Handler  stm32h7xx_it.o
    0x0800125a   0x0800125a   0x000000d8   Code   RO         4785    i.ETH_MACDMAConfig  stm32h7xx_hal_eth.o
    0x08001332   0x08001332   0x00000002   PAD
    0x08001334   0x08001334   0x000000b4   Code   RO         4787    i.ETH_SetDMAConfig  stm32h7xx_hal_eth.o
    0x080013e8   0x080013e8   0x000001a8   Code   RO         4788    i.ETH_SetMACConfig  stm32h7xx_hal_eth.o
    0x08001590   0x08001590   0x00000004   Code   RO         1813    i.Error_Handler     main.o
    0x08001594   0x08001594   0x0000004e   Code   RO         2502    i.HAL_CRCEx_Polynomial_Set  stm32h7xx_hal_crc_ex.o
    0x080015e2   0x080015e2   0x00000002   PAD
    0x080015e4   0x080015e4   0x00000078   Code   RO         2436    i.HAL_CRC_Init      stm32h7xx_hal_crc.o
    0x0800165c   0x0800165c   0x00000028   Code   RO         1934    i.HAL_CRC_MspInit   crc.o
    0x08001684   0x08001684   0x00000360   Code   RO         3183    i.HAL_DMA_Abort     stm32h7xx_hal_dma.o
    0x080019e4   0x080019e4   0x00000284   Code   RO         3184    i.HAL_DMA_Abort_IT  stm32h7xx_hal_dma.o
    0x08001c68   0x08001c68   0x00000024   Code   RO         3892    i.HAL_Delay         stm32h7xx_hal.o
    0x08001c8c   0x08001c8c   0x000001a8   Code   RO         4805    i.HAL_ETH_Init      stm32h7xx_hal_eth.o
    0x08001e34   0x08001e34   0x00000100   Code   RO         1980    i.HAL_ETH_MspInit   eth.o
    0x08001f34   0x08001f34   0x00000078   Code   RO         4822    i.HAL_ETH_SetMDIOClockRange  stm32h7xx_hal_eth.o
    0x08001fac   0x08001fac   0x0000022c   Code   RO         3031    i.HAL_GPIO_Init     stm32h7xx_hal_gpio.o
    0x080021d8   0x080021d8   0x0000000a   Code   RO         3035    i.HAL_GPIO_WritePin  stm32h7xx_hal_gpio.o
    0x080021e2   0x080021e2   0x00000002   PAD
    0x080021e4   0x080021e4   0x0000000c   Code   RO         3903    i.HAL_GetREVID      stm32h7xx_hal.o
    0x080021f0   0x080021f0   0x0000000c   Code   RO         3904    i.HAL_GetTick       stm32h7xx_hal.o
    0x080021fc   0x080021fc   0x00000010   Code   RO         3910    i.HAL_IncTick       stm32h7xx_hal.o
    0x0800220c   0x0800220c   0x0000005c   Code   RO         3911    i.HAL_Init          stm32h7xx_hal.o
    0x08002268   0x08002268   0x00000040   Code   RO         3912    i.HAL_InitTick      stm32h7xx_hal.o
    0x080022a8   0x080022a8   0x0000001c   Code   RO         2261    i.HAL_MspInit       stm32h7xx_hal_msp.o
    0x080022c4   0x080022c4   0x0000001a   Code   RO         2295    i.HAL_NVIC_EnableIRQ  stm32h7xx_hal_cortex.o
    0x080022de   0x080022de   0x00000002   PAD
    0x080022e0   0x080022e0   0x00000040   Code   RO         2301    i.HAL_NVIC_SetPriority  stm32h7xx_hal_cortex.o
    0x08002320   0x08002320   0x00000024   Code   RO         2302    i.HAL_NVIC_SetPriorityGrouping  stm32h7xx_hal_cortex.o
    0x08002344   0x08002344   0x00000028   Code   RO         6384    i.HAL_PCDEx_ActivateLPM  stm32h7xx_hal_pcd_ex.o
    0x0800236c   0x0800236c   0x000000f2   Code   RO         6173    i.HAL_PCD_Init      stm32h7xx_hal_pcd.o
    0x0800245e   0x0800245e   0x00000002   PAD
    0x08002460   0x08002460   0x000000a0   Code   RO         2130    i.HAL_PCD_MspInit   usb_otg.o
    0x08002500   0x08002500   0x00000054   Code   RO         3632    i.HAL_PWREx_ConfigSupply  stm32h7xx_hal_pwr_ex.o
    0x08002554   0x08002554   0x00000010   Code   RO         3649    i.HAL_PWREx_EnableUSBVoltageDetector  stm32h7xx_hal_pwr_ex.o
    0x08002564   0x08002564   0x00000024   Code   RO         2652    i.HAL_RCCEx_GetD3PCLK1Freq  stm32h7xx_hal_rcc_ex.o
    0x08002588   0x08002588   0x00000144   Code   RO         2654    i.HAL_RCCEx_GetPLL2ClockFreq  stm32h7xx_hal_rcc_ex.o
    0x080026cc   0x080026cc   0x00000144   Code   RO         2655    i.HAL_RCCEx_GetPLL3ClockFreq  stm32h7xx_hal_rcc_ex.o
    0x08002810   0x08002810   0x000008d2   Code   RO         2661    i.HAL_RCCEx_PeriphCLKConfig  stm32h7xx_hal_rcc_ex.o
    0x080030e2   0x080030e2   0x00000002   PAD
    0x080030e4   0x080030e4   0x0000025c   Code   RO         2537    i.HAL_RCC_ClockConfig  stm32h7xx_hal_rcc.o
    0x08003340   0x08003340   0x00000044   Code   RO         2542    i.HAL_RCC_GetHCLKFreq  stm32h7xx_hal_rcc.o
    0x08003384   0x08003384   0x00000024   Code   RO         2544    i.HAL_RCC_GetPCLK1Freq  stm32h7xx_hal_rcc.o
    0x080033a8   0x080033a8   0x00000024   Code   RO         2545    i.HAL_RCC_GetPCLK2Freq  stm32h7xx_hal_rcc.o
    0x080033cc   0x080033cc   0x00000138   Code   RO         2546    i.HAL_RCC_GetSysClockFreq  stm32h7xx_hal_rcc.o
    0x08003504   0x08003504   0x00000530   Code   RO         2549    i.HAL_RCC_OscConfig  stm32h7xx_hal_rcc.o
    0x08003a34   0x08003a34   0x00000158   Code   RO         5271    i.HAL_SPI_Init      stm32h7xx_hal_spi.o
    0x08003b8c   0x08003b8c   0x000000a8   Code   RO         2030    i.HAL_SPI_MspInit   spi.o
    0x08003c34   0x08003c34   0x00000238   Code   RO         5279    i.HAL_SPI_Transmit  stm32h7xx_hal_spi.o
    0x08003e6c   0x08003e6c   0x00000014   Code   RO         3923    i.HAL_SYSCFG_ETHInterfaceSelect  stm32h7xx_hal.o
    0x08003e80   0x08003e80   0x00000026   Code   RO         2306    i.HAL_SYSTICK_Config  stm32h7xx_hal_cortex.o
    0x08003ea6   0x08003ea6   0x00000040   Code   RO         6039    i.HAL_UARTEx_DisableFifoMode  stm32h7xx_hal_uart_ex.o
    0x08003ee6   0x08003ee6   0x00000002   Code   RO         5628    i.HAL_UARTEx_RxEventCallback  stm32h7xx_hal_uart.o
    0x08003ee8   0x08003ee8   0x00000002   Code   RO         6046    i.HAL_UARTEx_RxFifoFullCallback  stm32h7xx_hal_uart_ex.o
    0x08003eea   0x08003eea   0x0000004c   Code   RO         6047    i.HAL_UARTEx_SetRxFifoThreshold  stm32h7xx_hal_uart_ex.o
    0x08003f36   0x08003f36   0x0000004c   Code   RO         6048    i.HAL_UARTEx_SetTxFifoThreshold  stm32h7xx_hal_uart_ex.o
    0x08003f82   0x08003f82   0x00000002   Code   RO         6050    i.HAL_UARTEx_TxFifoEmptyCallback  stm32h7xx_hal_uart_ex.o
    0x08003f84   0x08003f84   0x00000002   Code   RO         6051    i.HAL_UARTEx_WakeupCallback  stm32h7xx_hal_uart_ex.o
    0x08003f86   0x08003f86   0x00000002   Code   RO         5644    i.HAL_UART_ErrorCallback  stm32h7xx_hal_uart.o
    0x08003f88   0x08003f88   0x00000360   Code   RO         5647    i.HAL_UART_IRQHandler  stm32h7xx_hal_uart.o
    0x080042e8   0x080042e8   0x0000006a   Code   RO         5648    i.HAL_UART_Init     stm32h7xx_hal_uart.o
    0x08004352   0x08004352   0x00000002   PAD
    0x08004354   0x08004354   0x00000090   Code   RO         2076    i.HAL_UART_MspInit  usart.o
    0x080043e4   0x080043e4   0x00000054   Code   RO         5653    i.HAL_UART_Receive_IT  stm32h7xx_hal_uart.o
    0x08004438   0x08004438   0x000000a0   Code   RO         2077    i.HAL_UART_RxCpltCallback  usart.o
    0x080044d8   0x080044d8   0x000000be   Code   RO         5657    i.HAL_UART_Transmit  stm32h7xx_hal_uart.o
    0x08004596   0x08004596   0x00000002   PAD
    0x08004598   0x08004598   0x000000ac   Code   RO         5659    i.HAL_UART_Transmit_IT  stm32h7xx_hal_uart.o
    0x08004644   0x08004644   0x00000002   Code   RO         5660    i.HAL_UART_TxCpltCallback  stm32h7xx_hal_uart.o
    0x08004646   0x08004646   0x00000002   Code   RO         2177    i.HardFault_Handler  stm32h7xx_it.o
    0x08004648   0x08004648   0x00000030   Code   RO         1935    i.MX_CRC_Init       crc.o
    0x08004678   0x08004678   0x0000006c   Code   RO         1981    i.MX_ETH_Init       eth.o
    0x080046e4   0x080046e4   0x0000015c   Code   RO         1905    i.MX_GPIO_Init      gpio.o
    0x08004840   0x08004840   0x0000005c   Code   RO         2031    i.MX_SPI1_Init      spi.o
    0x0800489c   0x0800489c   0x00000068   Code   RO         2078    i.MX_USART3_UART_Init  usart.o
    0x08004904   0x08004904   0x00000040   Code   RO         2131    i.MX_USB_OTG_FS_PCD_Init  usb_otg.o
    0x08004944   0x08004944   0x00000002   Code   RO         2178    i.MemManage_Handler  stm32h7xx_it.o
    0x08004946   0x08004946   0x00000002   Code   RO         2179    i.NMI_Handler       stm32h7xx_it.o
    0x08004948   0x08004948   0x00000002   Code   RO         2180    i.PendSV_Handler    stm32h7xx_it.o
    0x0800494a   0x0800494a   0x00000002   PAD
    0x0800494c   0x0800494c   0x0000007c   Code   RO         1601    i.Prediction        aiapp.o
    0x080049c8   0x080049c8   0x00000120   Code   RO         2664    i.RCCEx_PLL2_Config  stm32h7xx_hal_rcc_ex.o
    0x08004ae8   0x08004ae8   0x00000120   Code   RO         2665    i.RCCEx_PLL3_Config  stm32h7xx_hal_rcc_ex.o
    0x08004c08   0x08004c08   0x000000bc   Code   RO         5290    i.SPI_CloseTransfer  stm32h7xx_hal_spi.o
    0x08004cc4   0x08004cc4   0x00000042   Code   RO         5307    i.SPI_WaitOnFlagUntilTimeout  stm32h7xx_hal_spi.o
    0x08004d06   0x08004d06   0x00000002   Code   RO         2181    i.SVC_Handler       stm32h7xx_it.o
    0x08004d08   0x08004d08   0x00000004   Code   RO         2182    i.SysTick_Handler   stm32h7xx_it.o
    0x08004d0c   0x08004d0c   0x000000a8   Code   RO         1814    i.SystemClock_Config  main.o
    0x08004db4   0x08004db4   0x000000dc   Code   RO         6761    i.SystemInit        system_stm32h7xx.o
    0x08004e90   0x08004e90   0x00000044   Code   RO         6052    i.UARTEx_SetNbDataToProcess  stm32h7xx_hal_uart_ex.o
    0x08004ed4   0x08004ed4   0x000000c8   Code   RO         5662    i.UART_AdvFeatureConfig  stm32h7xx_hal_uart.o
    0x08004f9c   0x08004f9c   0x00000060   Code   RO         5663    i.UART_CheckIdleState  stm32h7xx_hal_uart.o
    0x08004ffc   0x08004ffc   0x00000014   Code   RO         5664    i.UART_DMAAbortOnError  stm32h7xx_hal_uart.o
    0x08005010   0x08005010   0x00000054   Code   RO         5674    i.UART_EndRxTransfer  stm32h7xx_hal_uart.o
    0x08005064   0x08005064   0x000000a2   Code   RO         5676    i.UART_RxISR_16BIT  stm32h7xx_hal_uart.o
    0x08005106   0x08005106   0x00000002   PAD
    0x08005108   0x08005108   0x00000174   Code   RO         5677    i.UART_RxISR_16BIT_FIFOEN  stm32h7xx_hal_uart.o
    0x0800527c   0x0800527c   0x000000a2   Code   RO         5678    i.UART_RxISR_8BIT   stm32h7xx_hal_uart.o
    0x0800531e   0x0800531e   0x00000002   PAD
    0x08005320   0x08005320   0x00000174   Code   RO         5679    i.UART_RxISR_8BIT_FIFOEN  stm32h7xx_hal_uart.o
    0x08005494   0x08005494   0x000003ac   Code   RO         5680    i.UART_SetConfig    stm32h7xx_hal_uart.o
    0x08005840   0x08005840   0x00000118   Code   RO         5682    i.UART_Start_Receive_IT  stm32h7xx_hal_uart.o
    0x08005958   0x08005958   0x00000052   Code   RO         5683    i.UART_TxISR_16BIT  stm32h7xx_hal_uart.o
    0x080059aa   0x080059aa   0x00000002   PAD
    0x080059ac   0x080059ac   0x0000006a   Code   RO         5684    i.UART_TxISR_16BIT_FIFOEN  stm32h7xx_hal_uart.o
    0x08005a16   0x08005a16   0x0000004e   Code   RO         5685    i.UART_TxISR_8BIT   stm32h7xx_hal_uart.o
    0x08005a64   0x08005a64   0x00000066   Code   RO         5686    i.UART_TxISR_8BIT_FIFOEN  stm32h7xx_hal_uart.o
    0x08005aca   0x08005aca   0x000000ca   Code   RO         5687    i.UART_WaitOnFlagUntilTimeout  stm32h7xx_hal_uart.o
    0x08005b94   0x08005b94   0x0000000c   Code   RO         2183    i.USART3_IRQHandler  stm32h7xx_it.o
    0x08005ba0   0x08005ba0   0x00000088   Code   RO         6460    i.USB_CoreInit      stm32h7xx_ll_usb.o
    0x08005c28   0x08005c28   0x00000040   Code   RO         6461    i.USB_CoreReset     stm32h7xx_ll_usb.o
    0x08005c68   0x08005c68   0x0000001c   Code   RO         6466    i.USB_DevDisconnect  stm32h7xx_ll_usb.o
    0x08005c84   0x08005c84   0x00000178   Code   RO         6467    i.USB_DevInit       stm32h7xx_ll_usb.o
    0x08005dfc   0x08005dfc   0x0000000c   Code   RO         6468    i.USB_DisableGlobalInt  stm32h7xx_ll_usb.o
    0x08005e08   0x08005e08   0x0000003c   Code   RO         6478    i.USB_FlushRxFifo   stm32h7xx_ll_usb.o
    0x08005e44   0x08005e44   0x00000040   Code   RO         6479    i.USB_FlushTxFifo   stm32h7xx_ll_usb.o
    0x08005e84   0x08005e84   0x0000005e   Code   RO         6497    i.USB_SetCurrentMode  stm32h7xx_ll_usb.o
    0x08005ee2   0x08005ee2   0x00000002   Code   RO         2184    i.UsageFault_Handler  stm32h7xx_it.o
    0x08005ee4   0x08005ee4   0x00000026   Code   RO         7730    i.__ARM_fpclassifyf  m_wv.l(fpclassifyf.o)
    0x08005f0a   0x08005f0a   0x00000022   Code   RO         2308    i.__NVIC_SetPriority  stm32h7xx_hal_cortex.o
    0x08005f2c   0x08005f2c   0x000000f8   Code   RO         6850    i.__ai_math_dot_array_opt  NetworkRuntime600_CM7_Keil.lib(layers_conv2d_generic_float.o)
    0x08006024   0x08006024   0x000001f4   Code   RO         7505    i.__hardfp_expf     m_wv.l(expf.o)
    0x08006218   0x08006218   0x00000006   Code   RO         7733    i.__mathlib_flt_infnan  m_wv.l(funder.o)
    0x0800621e   0x0800621e   0x00000002   PAD
    0x08006220   0x08006220   0x00000010   Code   RO         7736    i.__mathlib_flt_overflow  m_wv.l(funder.o)
    0x08006230   0x08006230   0x00000010   Code   RO         7738    i.__mathlib_flt_underflow  m_wv.l(funder.o)
    0x08006240   0x08006240   0x00000012   Code   RO         7190    i._ai_forward_layer  NetworkRuntime600_CM7_Keil.lib(layers.o)
    0x08006252   0x08006252   0x0000000e   Code   RO         7351    i._is_digit         c_w.l(__printf_wp.o)
    0x08006260   0x08006260   0x00000214   Code   RO         6796    i._platform_network_io_bind  NetworkRuntime600_CM7_Keil.lib(ai_platform_interface.o)
    0x08006474   0x08006474   0x00000038   Code   RO         6797    i._platform_network_state_setup  NetworkRuntime600_CM7_Keil.lib(ai_platform_interface.o)
    0x080064ac   0x080064ac   0x0000006c   Code   RO         6798    i._platform_network_state_update_input  NetworkRuntime600_CM7_Keil.lib(ai_platform_interface.o)
    0x08006518   0x08006518   0x00000080   Code   RO         6799    i._platform_network_state_update_output  NetworkRuntime600_CM7_Keil.lib(ai_platform_interface.o)
    0x08006598   0x08006598   0x00000018   Code   RO         1417    i._sys_close        syscalls.o
    0x080065b0   0x080065b0   0x00000004   Code   RO         1418    i._sys_flen         syscalls.o
    0x080065b4   0x080065b4   0x00000018   Code   RO         1419    i._sys_istty        syscalls.o
    0x080065cc   0x080065cc   0x00000058   Code   RO         1420    i._sys_open         syscalls.o
    0x08006624   0x08006624   0x00000006   Code   RO         1422    i._sys_seek         syscalls.o
    0x0800662a   0x0800662a   0x0000001a   Code   RO         1423    i._sys_write        syscalls.o
    0x08006644   0x08006644   0x00000044   Code   RO         7047    i.ai_array_get_byte_size  NetworkRuntime600_CM7_Keil.lib(ai_datatypes_format.o)
    0x08006688   0x08006688   0x000000fc   Code   RO         7050    i.ai_array_to_buffer_fmt  NetworkRuntime600_CM7_Keil.lib(ai_datatypes_format.o)
    0x08006784   0x08006784   0x0000002c   Code   RO         7191    i.ai_check_custom_types  NetworkRuntime600_CM7_Keil.lib(layers.o)
    0x080067b0   0x080067b0   0x00000130   Code   RO         6855    i.ai_dict4_dot_array_f32  NetworkRuntime600_CM7_Keil.lib(layers_conv2d_generic_float.o)
    0x080068e0   0x080068e0   0x000000fc   Code   RO         6856    i.ai_dict8_dot_array_f32  NetworkRuntime600_CM7_Keil.lib(layers_conv2d_generic_float.o)
    0x080069dc   0x080069dc   0x0000004e   Code   RO         7195    i.ai_layers_forward_all  NetworkRuntime600_CM7_Keil.lib(layers.o)
    0x08006a2a   0x08006a2a   0x0000001e   Code   RO         7196    i.ai_layers_init_all  NetworkRuntime600_CM7_Keil.lib(layers.o)
    0x08006a48   0x08006a48   0x00000036   Code   RO         7197    i.ai_layers_post_init_all  NetworkRuntime600_CM7_Keil.lib(layers.o)
    0x08006a7e   0x08006a7e   0x00000002   PAD
    0x08006a80   0x08006a80   0x00000018   Code   RO           10    i.ai_network_create  network.o
    0x08006a98   0x08006a98   0x00000008   Code   RO          266    i.ai_network_data_weights_get  network_data.o
    0x08006aa0   0x08006aa0   0x0000006c   Code   RO           15    i.ai_network_init   network.o
    0x08006b0c   0x08006b0c   0x00000004   Code   RO           16    i.ai_network_run    network.o
    0x08006b10   0x08006b10   0x0000001c   Code   RO         6803    i.ai_platform_context_acquire  NetworkRuntime600_CM7_Keil.lib(ai_platform_interface.o)
    0x08006b2c   0x08006b2c   0x00000014   Code   RO         6805    i.ai_platform_interface_api_get_version  NetworkRuntime600_CM7_Keil.lib(ai_platform_interface.o)
    0x08006b40   0x08006b40   0x00000098   Code   RO         6806    i.ai_platform_network_create  NetworkRuntime600_CM7_Keil.lib(ai_platform_interface.o)
    0x08006bd8   0x08006bd8   0x00000072   Code   RO         6809    i.ai_platform_network_init  NetworkRuntime600_CM7_Keil.lib(ai_platform_interface.o)
    0x08006c4a   0x08006c4a   0x00000046   Code   RO         6810    i.ai_platform_network_post_init  NetworkRuntime600_CM7_Keil.lib(ai_platform_interface.o)
    0x08006c90   0x08006c90   0x00000056   Code   RO         6811    i.ai_platform_network_process  NetworkRuntime600_CM7_Keil.lib(ai_platform_interface.o)
    0x08006ce6   0x08006ce6   0x0000000c   Code   RO         6812    i.ai_platform_network_set_error  NetworkRuntime600_CM7_Keil.lib(ai_platform_interface.o)
    0x08006cf2   0x08006cf2   0x0000001a   Code   RO         6889    i.ai_shape_get_size  NetworkRuntime600_CM7_Keil.lib(layers_nl_generic_float.o)
    0x08006d0c   0x08006d0c   0x00000004   Code   RO         7207    i.core_init         NetworkRuntime600_CM7_Keil.lib(core_common.o)
    0x08006d10   0x08006d10   0x0000001a   Code   RO         7208    i.core_set_error    NetworkRuntime600_CM7_Keil.lib(core_common.o)
    0x08006d2a   0x08006d2a   0x00000002   PAD
    0x08006d2c   0x08006d2c   0x00000190   Code   RO         6864    i.forward_dense     NetworkRuntime600_CM7_Keil.lib(layers_conv2d_generic_float.o)
    0x08006ebc   0x08006ebc   0x0000009a   Code   RO         6911    i.forward_relu      NetworkRuntime600_CM7_Keil.lib(layers_nl_generic_float.o)
    0x08006f56   0x08006f56   0x0000006c   Code   RO         6920    i.forward_sm        NetworkRuntime600_CM7_Keil.lib(layers_nl_generic_float.o)
    0x08006fc2   0x08006fc2   0x00000002   PAD
    0x08006fc4   0x08006fc4   0x00000024   Code   RO         1313    i.fputc             aitestutility.o
    0x08006fe8   0x08006fe8   0x0000002c   Code   RO         1641    i.lcd_clear         john_18tft.o
    0x08007014   0x08007014   0x0000005e   Code   RO         1644    i.lcd_displayimage032_zoom  john_18tft.o
    0x08007072   0x08007072   0x00000002   PAD
    0x08007074   0x08007074   0x00000250   Code   RO         1647    i.lcd_init          john_18tft.o
    0x080072c4   0x080072c4   0x0000005a   Code   RO         1648    i.lcd_set_region    john_18tft.o
    0x0800731e   0x0800731e   0x00000002   PAD
    0x08007320   0x08007320   0x0000005c   Code   RO         1649    i.lcd_showchar      john_18tft.o
    0x0800737c   0x0800737c   0x0000002e   Code   RO         1653    i.lcd_showstr       john_18tft.o
    0x080073aa   0x080073aa   0x00000002   PAD
    0x080073ac   0x080073ac   0x00000044   Code   RO         1656    i.lcd_writeData     john_18tft.o
    0x080073f0   0x080073f0   0x00000044   Code   RO         1657    i.lcd_writeIndex    john_18tft.o
    0x08007434   0x08007434   0x0000004c   Code   RO         1658    i.lcd_writedata_16bit  john_18tft.o
    0x08007480   0x08007480   0x0000024c   Code   RO         1815    i.main              main.o
    0x080076cc   0x080076cc   0x000000a0   Code   RO           17    i.network_configure_weights  network.o
    0x0800776c   0x0800776c   0x00000038   Code   RO         6948    i.nl_func_relu_array_f32  NetworkRuntime600_CM7_Keil.lib(layers_nl_generic_float.o)
    0x080077a4   0x080077a4   0x000000c8   Code   RO         6949    i.nl_func_relu_generic_array_f32  NetworkRuntime600_CM7_Keil.lib(layers_nl_generic_float.o)
    0x0800786c   0x0800786c   0x00000048   Code   RO         6950    i.nl_func_relu_thresholded_array_f32  NetworkRuntime600_CM7_Keil.lib(layers_nl_generic_float.o)
    0x080078b4   0x080078b4   0x0000004e   Code   RO         6958    i.nl_func_sm_array_f32  NetworkRuntime600_CM7_Keil.lib(layers_nl_generic_float.o)
    0x08007902   0x08007902   0x00000002   PAD
    0x08007904   0x08007904   0x00000094   Code   RO         6959    i.nl_func_sm_channel_f32  NetworkRuntime600_CM7_Keil.lib(layers_nl_generic_float.o)
    0x08007998   0x08007998   0x0000000a   Code   RO         7861    x$fpl$fpinit        fz_wv.l(fpinit.o)
    0x080079a2   0x080079a2   0x00000000   Code   RO         7723    x$fpl$usenofp       fz_wv.l(usenofp.o)
    0x080079a2   0x080079a2   0x00000002   PAD
    0x080079a4   0x080079a4   0x00000008   Data   RO           22    .constdata          network.o
    0x080079ac   0x080079ac   0x00000008   Data   RO           23    .constdata          network.o
    0x080079b4   0x080079b4   0x00000008   Data   RO           24    .constdata          network.o
    0x080079bc   0x080079bc   0x00000008   Data   RO           25    .constdata          network.o
    0x080079c4   0x080079c4   0x00000008   Data   RO           26    .constdata          network.o
    0x080079cc   0x080079cc   0x00000008   Data   RO           27    .constdata          network.o
    0x080079d4   0x080079d4   0x0000000c   PAD
    0x080079e0   0x080079e0   0x000336a8   Data   RO          267    .constdata          network_data.o
    0x0803b088   0x0803b088   0x00000007   Data   RO         1424    .constdata          syscalls.o
    0x0803b08f   0x0803b08f   0x00000008   Data   RO         1425    .constdata          syscalls.o
    0x0803b097   0x0803b097   0x00000008   Data   RO         1426    .constdata          syscalls.o
    0x0803b09f   0x0803b09f   0x000005f0   Data   RO         1784    .constdata          john_font.o
    0x0803b68f   0x0803b68f   0x00000001   PAD
    0x0803b690   0x0803b690   0x00000030   Data   RO         1817    .constdata          main.o
    0x0803b6c0   0x0803b6c0   0x00000018   Data   RO         5688    .constdata          stm32h7xx_hal_uart.o
    0x0803b6d8   0x0803b6d8   0x00000010   Data   RO         6053    .constdata          stm32h7xx_hal_uart_ex.o
    0x0803b6e8   0x0803b6e8   0x00000010   Data   RO         6762    .constdata          system_stm32h7xx.o
    0x0803b6f8   0x0803b6f8   0x00000020   Data   RO         6820    .constdata          NetworkRuntime600_CM7_Keil.lib(ai_platform_interface.o)
    0x0803b718   0x0803b718   0x00000011   Data   RO         7354    .constdata          c_w.l(__printf_flags_wp.o)
    0x0803b729   0x0803b729   0x00000003   PAD
    0x0803b72c   0x0803b72c   0x00000030   Data   RO         7508    .constdata          m_wv.l(expf.o)
    0x0803b75c   0x0803b75c   0x00000020   Data   RO         7973    Region$$Table       anon$$obj.o


    Execution Region RW_IRAM1 (Exec base: 0x20000000, Load base: 0x0803b77c, Size: 0x00000000, Max: 0x00020000, ABSOLUTE)

    **** No section assigned to this execution region ****


    Execution Region RW_IRAM2 (Exec base: 0x24000000, Load base: 0x0803b77c, Size: 0x00002c70, Max: 0x00080000, ABSOLUTE, COMPRESSED[0x00000268])

    Exec Addr    Load Addr    Size         Type   Attr      Idx    E Section Name        Object

    0x24000000   COMPRESSED   0x00000010   Data   RW           30    .data               network.o
    0x24000010   COMPRESSED   0x00000010   Data   RW           31    .data               network.o
    0x24000020   COMPRESSED   0x00000010   Data   RW           32    .data               network.o
    0x24000030   COMPRESSED   0x00000010   Data   RW           33    .data               network.o
    0x24000040   COMPRESSED   0x00000010   Data   RW           34    .data               network.o
    0x24000050   COMPRESSED   0x00000010   Data   RW           35    .data               network.o
    0x24000060   COMPRESSED   0x00000010   Data   RW           36    .data               network.o
    0x24000070   COMPRESSED   0x00000010   Data   RW           37    .data               network.o
    0x24000080   COMPRESSED   0x00000010   Data   RW           38    .data               network.o
    0x24000090   COMPRESSED   0x00000010   Data   RW           39    .data               network.o
    0x240000a0   COMPRESSED   0x00000010   Data   RW           40    .data               network.o
    0x240000b0   COMPRESSED   0x00000010   Data   RW           41    .data               network.o
    0x240000c0   COMPRESSED   0x00000010   Data   RW           42    .data               network.o
    0x240000d0   COMPRESSED   0x00000010   Data   RW           43    .data               network.o
    0x240000e0   COMPRESSED   0x00000010   Data   RW           44    .data               network.o
    0x240000f0   COMPRESSED   0x00000010   Data   RW           45    .data               network.o
    0x24000100   COMPRESSED   0x00000010   Data   RW           46    .data               network.o
    0x24000110   COMPRESSED   0x00000010   Data   RW           47    .data               network.o
    0x24000120   COMPRESSED   0x00000010   Data   RW           48    .data               network.o
    0x24000130   COMPRESSED   0x00000010   Data   RW           49    .data               network.o
    0x24000140   COMPRESSED   0x00000010   Data   RW           50    .data               network.o
    0x24000150   COMPRESSED   0x00000010   Data   RW           51    .data               network.o
    0x24000160   COMPRESSED   0x00000010   Data   RW           52    .data               network.o
    0x24000170   COMPRESSED   0x00000010   Data   RW           53    .data               network.o
    0x24000180   COMPRESSED   0x00000010   Data   RW           54    .data               network.o
    0x24000190   COMPRESSED   0x00000010   Data   RW           55    .data               network.o
    0x240001a0   COMPRESSED   0x00000010   Data   RW           56    .data               network.o
    0x240001b0   COMPRESSED   0x00000010   Data   RW           57    .data               network.o
    0x240001c0   COMPRESSED   0x00000004   Data   RW           58    .data               network.o
    0x240001c4   COMPRESSED   0x00000004   Data   RW           59    .data               network.o
    0x240001c8   COMPRESSED   0x00000008   Data   RW           60    .data               network.o
    0x240001d0   COMPRESSED   0x00000004   Data   RW           61    .data               network.o
    0x240001d4   COMPRESSED   0x00000030   Data   RW           62    .data               network.o
    0x24000204   COMPRESSED   0x00000004   Data   RW           63    .data               network.o
    0x24000208   COMPRESSED   0x00000004   Data   RW           64    .data               network.o
    0x2400020c   COMPRESSED   0x00000004   Data   RW           65    .data               network.o
    0x24000210   COMPRESSED   0x00000004   Data   RW           66    .data               network.o
    0x24000214   COMPRESSED   0x00000030   Data   RW           67    .data               network.o
    0x24000244   COMPRESSED   0x00000004   Data   RW           68    .data               network.o
    0x24000248   COMPRESSED   0x00000004   Data   RW           69    .data               network.o
    0x2400024c   COMPRESSED   0x00000008   Data   RW           70    .data               network.o
    0x24000254   COMPRESSED   0x00000004   Data   RW           71    .data               network.o
    0x24000258   COMPRESSED   0x00000030   Data   RW           72    .data               network.o
    0x24000288   COMPRESSED   0x00000004   Data   RW           73    .data               network.o
    0x2400028c   COMPRESSED   0x00000004   Data   RW           74    .data               network.o
    0x24000290   COMPRESSED   0x00000004   Data   RW           75    .data               network.o
    0x24000294   COMPRESSED   0x00000004   Data   RW           76    .data               network.o
    0x24000298   COMPRESSED   0x00000030   Data   RW           77    .data               network.o
    0x240002c8   COMPRESSED   0x00000004   Data   RW           78    .data               network.o
    0x240002cc   COMPRESSED   0x00000004   Data   RW           79    .data               network.o
    0x240002d0   COMPRESSED   0x00000008   Data   RW           80    .data               network.o
    0x240002d8   COMPRESSED   0x00000004   Data   RW           81    .data               network.o
    0x240002dc   COMPRESSED   0x00000030   Data   RW           82    .data               network.o
    0x2400030c   COMPRESSED   0x00000004   Data   RW           83    .data               network.o
    0x24000310   COMPRESSED   0x00000004   Data   RW           84    .data               network.o
    0x24000314   COMPRESSED   0x00000004   Data   RW           85    .data               network.o
    0x24000318   COMPRESSED   0x00000004   Data   RW           86    .data               network.o
    0x2400031c   COMPRESSED   0x00000030   Data   RW           87    .data               network.o
    0x2400034c   COMPRESSED   0x00000008   Data   RW           88    .data               network.o
    0x24000354   COMPRESSED   0x00000008   Data   RW           89    .data               network.o
    0x2400035c   COMPRESSED   0x00000004   Data   RW           90    .data               network.o
    0x24000360   COMPRESSED   0x0000000c   Data   RW           91    .data               network.o
    0x2400036c   COMPRESSED   0x00000004   Data   RW           92    .data               network.o
    0x24000370   COMPRESSED   0x0000000c   Data   RW           93    .data               network.o
    0x2400037c   COMPRESSED   0x00000018   Data   RW           94    .data               network.o
    0x24000394   COMPRESSED   0x00000134   Data   RW           95    .data               network.o
    0x240004c8   COMPRESSED   0x0000001c   Data   RW           96    .data               network.o
    0x240004e4   COMPRESSED   0x0000001c   Data   RW           97    .data               network.o
    0x24000500   COMPRESSED   0x0000001c   Data   RW           98    .data               network.o
    0x2400051c   COMPRESSED   0x0000001c   Data   RW           99    .data               network.o
    0x24000538   COMPRESSED   0x0000001c   Data   RW          100    .data               network.o
    0x24000554   COMPRESSED   0x0000001c   Data   RW          101    .data               network.o
    0x24000570   COMPRESSED   0x0000001c   Data   RW          102    .data               network.o
    0x2400058c   COMPRESSED   0x0000001c   Data   RW          103    .data               network.o
    0x240005a8   COMPRESSED   0x0000001c   Data   RW          104    .data               network.o
    0x240005c4   COMPRESSED   0x0000001c   Data   RW          105    .data               network.o
    0x240005e0   COMPRESSED   0x0000001c   Data   RW          106    .data               network.o
    0x240005fc   COMPRESSED   0x0000001c   Data   RW          107    .data               network.o
    0x24000618   COMPRESSED   0x0000001c   Data   RW          108    .data               network.o
    0x24000634   COMPRESSED   0x0000001c   Data   RW          109    .data               network.o
    0x24000650   COMPRESSED   0x0000001c   Data   RW          110    .data               network.o
    0x2400066c   COMPRESSED   0x00000020   Data   RW          111    .data               network.o
    0x2400068c   COMPRESSED   0x0000001c   Data   RW          112    .data               network.o
    0x240006a8   COMPRESSED   0x00000020   Data   RW          113    .data               network.o
    0x240006c8   COMPRESSED   0x0000001c   Data   RW          114    .data               network.o
    0x240006e4   COMPRESSED   0x00000020   Data   RW          115    .data               network.o
    0x24000704   COMPRESSED   0x00000008   Data   RW         1324    .data               aitestutility.o
    0x2400070c   COMPRESSED   0x00000038   Data   RW         1602    .data               aiapp.o
    0x24000744   COMPRESSED   0x00000006   Data   RW         1986    .data               eth.o
    0x2400074a   COMPRESSED   0x00000002   PAD
    0x2400074c   COMPRESSED   0x00000008   Data   RW         2081    .data               usart.o
    0x24000754   COMPRESSED   0x0000000c   Data   RW         3933    .data               stm32h7xx_hal.o
    0x24000760   COMPRESSED   0x00000008   Data   RW         6763    .data               system_stm32h7xx.o
    0x24000768   COMPRESSED   0x00000004   Data   RW         7667    .data               c_w.l(stdio_streams.o)
    0x2400076c   COMPRESSED   0x00000004   Data   RW         7668    .data               c_w.l(stdio_streams.o)
    0x24000770   COMPRESSED   0x00000004   Data   RW         7669    .data               c_w.l(stdio_streams.o)
    0x24000774        -       0x00000018   Zero   RW           18    .bss                network.o
    0x2400078c        -       0x00000010   Zero   RW           19    .bss                network.o
    0x2400079c        -       0x00000018   Zero   RW           20    .bss                network.o
    0x240007b4        -       0x00000010   Zero   RW           21    .bss                network.o
    0x240007c4        -       0x000000ff   Zero   RW         1816    .bss                main.o
    0x240008c3   COMPRESSED   0x00000001   PAD
    0x240008c4        -       0x00000024   Zero   RW         1936    .bss                crc.o
    0x240008e8        -       0x000000e8   Zero   RW         1985    .bss                eth.o
    0x240009d0        -       0x00000088   Zero   RW         2032    .bss                spi.o
    0x24000a58        -       0x000003b0   Zero   RW         2079    .bss                usart.o
    0x24000e08        -       0x0000050c   Zero   RW         2132    .bss                usb_otg.o
    0x24001314        -       0x00000054   Zero   RW         7664    .bss                c_w.l(stdio_streams.o)
    0x24001368        -       0x00000054   Zero   RW         7665    .bss                c_w.l(stdio_streams.o)
    0x240013bc        -       0x00000054   Zero   RW         7666    .bss                c_w.l(stdio_streams.o)
    0x24001410        -       0x00000060   Zero   RW         7771    .bss                c_w.l(libspace.o)
    0x24001470        -       0x00000800   Zero   RW            2    HEAP                startup_stm32h743xx.o
    0x24001c70        -       0x00001000   Zero   RW            1    STACK               startup_stm32h743xx.o



  Load Region LR$$.ARM.__AT_0x30000000 (Base: 0x30000000, Size: 0x00000000, Max: 0x00000060, ABSOLUTE)

    Execution Region ER$$.ARM.__AT_0x30000000 (Exec base: 0x30000000, Load base: 0x30000000, Size: 0x00000060, Max: 0x00000060, ABSOLUTE, UNINIT)

    Exec Addr    Load Addr    Size         Type   Attr      Idx    E Section Name        Object

    0x30000000        -       0x00000060   Zero   RW         1982    .ARM.__AT_0x30000000  eth.o



  Load Region LR$$.ARM.__AT_0x30000200 (Base: 0x30000200, Size: 0x00000000, Max: 0x00000060, ABSOLUTE)

    Execution Region ER$$.ARM.__AT_0x30000200 (Exec base: 0x30000200, Load base: 0x30000200, Size: 0x00000060, Max: 0x00000060, ABSOLUTE, UNINIT)

    Exec Addr    Load Addr    Size         Type   Attr      Idx    E Section Name        Object

    0x30000200        -       0x00000060   Zero   RW         1983    .ARM.__AT_0x30000200  eth.o



  Load Region LR$$.ARM.__AT_0x30000260 (Base: 0x30000260, Size: 0x00000000, Max: 0x000017e0, ABSOLUTE)

    Execution Region ER$$.ARM.__AT_0x30000260 (Exec base: 0x30000260, Load base: 0x30000260, Size: 0x000017e0, Max: 0x000017e0, ABSOLUTE, UNINIT)

    Exec Addr    Load Addr    Size         Type   Attr      Idx    E Section Name        Object

    0x30000260        -       0x000017e0   Zero   RW         1984    .ARM.__AT_0x30000260  eth.o


==============================================================================

Image component sizes


      Code (inc. data)   RO Data    RW Data    ZI Data      Debug   Object Name

       124         42          0         56          0       1756   aiapp.o
         0          0          0          0          0    1283581   aipbio.o
        36         10          0          8          0       4778   aitestutility.o
        88         18          0          0         36       1699   crc.o
       364         44          0          6       6536       2282   eth.o
       348         30          0          0          0       1251   gpio.o
      1170         50          0          0          0       7946   john_18tft.o
         0          0       1520          0          0       1629   john_font.o
       760        182         48          0        255      48612   main.o
       296         26         48       1796         80      54982   network.o
         8          4     210600          0          0      10022   network_data.o
       260         26          0          0        136       1993   spi.o
        64         26        664          0       6144        856   startup_stm32h743xx.o
       252         50          0         12          0      24144   stm32h7xx_hal.o
       198         12          0          0          0      39679   stm32h7xx_hal_cortex.o
       120          6          0          0          0       1303   stm32h7xx_hal_crc.o
        78          0          0          0          0       1419   stm32h7xx_hal_crc_ex.o
      1508         70          0          0          0       3951   stm32h7xx_hal_dma.o
      1364         66          0          0          0       6503   stm32h7xx_hal_eth.o
       566         50          0          0          0       2352   stm32h7xx_hal_gpio.o
        28          6          0          0          0        954   stm32h7xx_hal_msp.o
       242          0          0          0          0       1919   stm32h7xx_hal_pcd.o
        40          6          0          0          0       1274   stm32h7xx_hal_pcd_ex.o
       100         10          0          0          0       1382   stm32h7xx_hal_pwr_ex.o
      2384        108          0          0          0       7228   stm32h7xx_hal_rcc.o
      3518        112          0          0          0       7977   stm32h7xx_hal_rcc_ex.o
      1166         14          0          0          0       4954   stm32h7xx_hal_spi.o
      4680        192         24          0          0      41169   stm32h7xx_hal_uart.o
       290          6         16          0          0       5606   stm32h7xx_hal_uart_ex.o
        32          6          0          0          0       4742   stm32h7xx_it.o
       834         34          0          0          0       7645   stm32h7xx_ll_usb.o
       172         24         23          0          0       4886   syscalls.o
       220         40         16          8          0       1538   system_stm32h7xx.o
       408         54          0          8        944       3000   usart.o
       224         24          0          0       1292       1997   usb_otg.o

    ----------------------------------------------------------------------
     21974       1348     213004       1896      15424    1597009   Object Totals
         0          0         32          0          0          0   (incl. Generated)
        32          0         13          2          1          0   (incl. Padding)

    ----------------------------------------------------------------------

      Code (inc. data)   RO Data    RW Data    ZI Data      Debug   Library Member Name

       320         44          0          0          0        256   ai_datatypes_format.o
      1466         54         32          0          0       1552   ai_platform_interface.o
        30          0          0          0          0        232   core_common.o
       224          6          0          0          0        624   layers.o
      1204         18          0          0          0        544   layers_conv2d_generic_float.o
       842         22          0          0          0       1076   layers_nl_generic_float.o
        24          4          0          0          0         84   __2printf.o
        44          6          0          0          0         84   __2sprintf.o
        90          0          0          0          0          0   __dczerorl2.o
         8          0          0          0          0         68   __main.o
       312          4         17          0          0         92   __printf_flags_wp.o
        14          0          0          0          0         68   __printf_wp.o
         0          0          0          0          0          0   __rtentry.o
        12          0          0          0          0          0   __rtentry2.o
         6          0          0          0          0          0   __rtentry4.o
        52          8          0          0          0          0   __scatter.o
        28          0          0          0          0          0   __scatter_zi.o
        48          6          0          0          0         96   _printf_char_common.o
        36          4          0          0          0         80   _printf_char_file.o
         6          0          0          0          0          0   _printf_d.o
       120         16          0          0          0         92   _printf_dec.o
       178          0          0          0          0         88   _printf_intcommon.o
         0          0          0          0          0          0   _printf_percent.o
         4          0          0          0          0          0   _printf_percent_end.o
        22          0          0          0          0        100   _rserrno.o
        10          0          0          0          0         68   _sputc.o
        10          0          0          0          0         68   defsig_exit.o
        50          0          0          0          0         88   defsig_general.o
        80         58          0          0          0         76   defsig_rtmem_inner.o
        14          0          0          0          0         80   defsig_rtmem_outer.o
        52         38          0          0          0         76   defsig_rtred_inner.o
        14          0          0          0          0         80   defsig_rtred_outer.o
        18          0          0          0          0         80   exit.o
        76          0          0          0          0         88   fclose.o
         8          0          0          0          0         68   ferror.o
       236          4          0          0          0        128   fopen.o
       248          6          0          0          0         84   fseek.o
        66          0          0          0          0         76   ftell.o
        94          0          0          0          0         80   h1_alloc.o
        52          0          0          0          0         68   h1_extend.o
        78          0          0          0          0         80   h1_free.o
        14          0          0          0          0         84   h1_init.o
         6          0          0          0          0        152   heapauxi.o
         4          0          0          0          0        136   hguard.o
         0          0          0          0          0          0   indicate_semi.o
       138          0          0          0          0        168   init_alloc.o
       312         46          0          0          0        112   initio.o
         2          0          0          0          0          0   libinit.o
        18          0          0          0          0          0   libinit2.o
         2          0          0          0          0          0   libshutdown.o
         6          0          0          0          0          0   libshutdown2.o
         8          4          0          0         96         68   libspace.o
       238          0          0          0          0        100   lludivv7m.o
         0          0          0          0          0          0   maybetermalloc1.o
        88          0          0          0          0         76   memcmp.o
         8          4          0          0          0         68   rt_errno_addr_intlibspace.o
         8          4          0          0          0         68   rt_heap_descriptor_intlibspace.o
        78          0          0          0          0         80   rt_memclr_w.o
       138          0          0          0          0         68   rt_memcpy_v6.o
       100          0          0          0          0         80   rt_memcpy_w.o
         2          0          0          0          0          0   rtexit.o
        10          0          0          0          0          0   rtexit2.o
        70          0          0          0          0         80   setvbuf.o
       240          6          0          0          0        156   stdio.o
         0          0          0         12        252          0   stdio_streams.o
       104          0          0          0          0         68   strcmpv7m_pel.o
        12          4          0          0          0         68   sys_exit.o
        74          0          0          0          0         80   sys_stackheap_outer.o
        14          0          0          0          0         76   sys_wrch.o
         2          0          0          0          0         68   use_no_semi.o
        10          0          0          0          0        116   fpinit.o
         0          0          0          0          0          0   usenofp.o
       500         74         48          0          0        236   expf.o
        38          0          0          0          0        116   fpclassifyf.o
        38         12          0          0          0        348   funder.o

    ----------------------------------------------------------------------
      8502        452        100         12        348       9096   Library Totals
        24          0          3          0          0          0   (incl. Padding)

    ----------------------------------------------------------------------

      Code (inc. data)   RO Data    RW Data    ZI Data      Debug   Library Name

      4086        144         32          0          0       4284   NetworkRuntime600_CM7_Keil.lib
      3806        222         17         12        348       3996   c_w.l
        10          0          0          0          0        116   fz_wv.l
       576         86         48          0          0        700   m_wv.l

    ----------------------------------------------------------------------
      8502        452        100         12        348       9096   Library Totals

    ----------------------------------------------------------------------

==============================================================================


      Code (inc. data)   RO Data    RW Data    ZI Data      Debug   

     30476       1800     213104       1908      15772    1588369   Grand Totals
     30476       1800     213104        616      15772    1588369   ELF Image Totals (compressed)
     30476       1800     213104        616          0          0   ROM Totals

==============================================================================

    Total RO  Size (Code + RO Data)               243580 ( 237.87kB)
    Total RW  Size (RW Data + ZI Data)             17680 (  17.27kB)
    Total ROM Size (Code + RO Data + RW Data)     244196 ( 238.47kB)

==============================================================================

